2026-07-16 15:43:48 - SMTP Error: Could not authenticate.
2026-07-16 15:47:48 - DEBUG - Username: [yourrealaddress@gmail.com] Password length: 18
2026-07-16 15:47:51 - ERROR - SMTP Error: Could not authenticate.
2026-07-16 15:47:51 - DEBUG - Username: [yourrealaddress@gmail.com] Password length: 18
2026-07-16 15:47:53 - ERROR - SMTP Error: Could not authenticate.
2026-07-16 15:50:39 - DEBUG - Username: [yourrealaddress@gmail.com] Password length: 18
2026-07-16 15:50:42 - ERROR - SMTP Error: Could not authenticate.
2026-07-16 15:53:24 - DEBUG - Username: [yourrealaddress@gmail.com] Password length: 18
2026-07-16 15:53:26 - ERROR - SMTP Error: Could not authenticate.
2026-07-16 15:53:45 - DEBUG - Username: [yourrealaddress@gmail.com] Password length: 18
2026-07-16 15:53:48 - ERROR - SMTP Error: Could not authenticate.
2026-07-16 16:11:36 - ERROR - SMTP Error: Could not authenticate.
2026-07-16 16:11:46 - ERROR - SMTP Error: Could not authenticate.
2026-07-16 16:11:48 - ERROR - SMTP Error: Could not authenticate.
2026-07-16 16:12:57 - ERROR - SMTP Error: Could not authenticate.
2026-07-16 16:13:21 - ERROR - SMTP Error: Could not authenticate.
2026-07-16 16:13:24 - ERROR - SMTP Error: Could not authenticate.
2026-07-16 16:16:17 - ERROR - SMTP Error: Could not authenticate.
2026-07-16 16:26:59 - SMTP DEBUG - SERVER -> CLIENT: 220 smtp.gmail.com ESMTP 5614622812f47-4a1acc83099sm18132569b6e.2 - gsmtp

2026-07-16 16:26:59 - SMTP DEBUG - CLIENT -> SERVER: EHLO localhost

2026-07-16 16:27:00 - SMTP DEBUG - SERVER -> CLIENT: 250-smtp.gmail.com at your service, [161.248.191.233]
250-SIZE 35882577
250-8BITMIME
250-STARTTLS
250-ENHANCEDSTATUSCODES
250-PIPELINING
250-CHUNKING
250 SMTPUTF8

2026-07-16 16:27:00 - SMTP DEBUG - CLIENT -> SERVER: STARTTLS

2026-07-16 16:27:00 - SMTP DEBUG - SERVER -> CLIENT: 220 2.0.0 Ready to start TLS

2026-07-16 16:27:00 - SMTP DEBUG - CLIENT -> SERVER: EHLO localhost

2026-07-16 16:27:00 - SMTP DEBUG - SERVER -> CLIENT: 250-smtp.gmail.com at your service, [161.248.191.233]
250-SIZE 35882577
250-8BITMIME
250-AUTH LOGIN PLAIN XOAUTH2 PLAIN-CLIENTTOKEN OAUTHBEARER XOAUTH
250-ENHANCEDSTATUSCODES
250-PIPELINING
250-CHUNKING
250 SMTPUTF8

2026-07-16 16:27:00 - SMTP DEBUG - CLIENT -> SERVER: AUTH LOGIN

2026-07-16 16:27:01 - SMTP DEBUG - SERVER -> CLIENT: 334 VXNlcm5hbWU6

2026-07-16 16:27:01 - SMTP DEBUG - CLIENT -> SERVER: [credentials hidden]
2026-07-16 16:27:01 - SMTP DEBUG - SERVER -> CLIENT: 334 UGFzc3dvcmQ6

2026-07-16 16:27:01 - SMTP DEBUG - CLIENT -> SERVER: [credentials hidden]
2026-07-16 16:27:01 - SMTP DEBUG - SERVER -> CLIENT: 535-5.7.8 Username and Password not accepted. For more information, go to
535 5.7.8  https://support.google.com/mail/?p=BadCredentials 5614622812f47-4a1acc83099sm18132569b6e.2 - gsmtp

2026-07-16 16:27:01 - SMTP DEBUG - SMTP ERROR: Password command failed: 535-5.7.8 Username and Password not accepted. For more information, go to
535 5.7.8  https://support.google.com/mail/?p=BadCredentials 5614622812f47-4a1acc83099sm18132569b6e.2 - gsmtp

2026-07-16 16:27:01 - SMTP DEBUG - SMTP Error: Could not authenticate.
2026-07-16 16:27:01 - SMTP DEBUG - CLIENT -> SERVER: QUIT

2026-07-16 16:27:01 - SMTP DEBUG - SERVER -> CLIENT: 221 2.0.0 closing connection 5614622812f47-4a1acc83099sm18132569b6e.2 - gsmtp

2026-07-16 16:27:01 - SMTP DEBUG - SMTP Error: Could not authenticate.
2026-07-16 16:27:01 - ERROR - SMTP Error: Could not authenticate.
2026-07-16 16:27:20 - SMTP DEBUG - SERVER -> CLIENT: 220 smtp.gmail.com ESMTP 46e09a7af769-7ebcb2630casm20700893a34.18 - gsmtp

2026-07-16 16:27:20 - SMTP DEBUG - CLIENT -> SERVER: EHLO localhost

2026-07-16 16:27:21 - SMTP DEBUG - SERVER -> CLIENT: 250-smtp.gmail.com at your service, [161.248.191.233]
250-SIZE 35882577
250-8BITMIME
250-STARTTLS
250-ENHANCEDSTATUSCODES
250-PIPELINING
250-CHUNKING
250 SMTPUTF8

2026-07-16 16:27:21 - SMTP DEBUG - CLIENT -> SERVER: STARTTLS

2026-07-16 16:27:21 - SMTP DEBUG - SERVER -> CLIENT: 220 2.0.0 Ready to start TLS

2026-07-16 16:27:21 - SMTP DEBUG - CLIENT -> SERVER: EHLO localhost

2026-07-16 16:27:21 - SMTP DEBUG - SERVER -> CLIENT: 250-smtp.gmail.com at your service, [161.248.191.233]
250-SIZE 35882577
250-8BITMIME
250-AUTH LOGIN PLAIN XOAUTH2 PLAIN-CLIENTTOKEN OAUTHBEARER XOAUTH
250-ENHANCEDSTATUSCODES
250-PIPELINING
250-CHUNKING
250 SMTPUTF8

2026-07-16 16:27:21 - SMTP DEBUG - CLIENT -> SERVER: AUTH LOGIN

2026-07-16 16:27:21 - SMTP DEBUG - SERVER -> CLIENT: 334 VXNlcm5hbWU6

2026-07-16 16:27:21 - SMTP DEBUG - CLIENT -> SERVER: [credentials hidden]
2026-07-16 16:27:22 - SMTP DEBUG - SERVER -> CLIENT: 334 UGFzc3dvcmQ6

2026-07-16 16:27:22 - SMTP DEBUG - CLIENT -> SERVER: [credentials hidden]
2026-07-16 16:27:22 - SMTP DEBUG - SERVER -> CLIENT: 535-5.7.8 Username and Password not accepted. For more information, go to
535 5.7.8  https://support.google.com/mail/?p=BadCredentials 46e09a7af769-7ebcb2630casm20700893a34.18 - gsmtp

2026-07-16 16:27:22 - SMTP DEBUG - SMTP ERROR: Password command failed: 535-5.7.8 Username and Password not accepted. For more information, go to
535 5.7.8  https://support.google.com/mail/?p=BadCredentials 46e09a7af769-7ebcb2630casm20700893a34.18 - gsmtp

2026-07-16 16:27:22 - SMTP DEBUG - SMTP Error: Could not authenticate.
2026-07-16 16:27:22 - SMTP DEBUG - CLIENT -> SERVER: QUIT

2026-07-16 16:27:22 - SMTP DEBUG - SERVER -> CLIENT: 221 2.0.0 closing connection 46e09a7af769-7ebcb2630casm20700893a34.18 - gsmtp

2026-07-16 16:27:22 - SMTP DEBUG - SMTP Error: Could not authenticate.
2026-07-16 16:27:22 - ERROR - SMTP Error: Could not authenticate.
2026-07-16 16:33:59 - SMTP DEBUG - SERVER -> CLIENT: 220 smtp.gmail.com ESMTP d9443c01a7336-2cf106e6fe6sm20544585ad.73 - gsmtp

2026-07-16 16:33:59 - SMTP DEBUG - CLIENT -> SERVER: EHLO localhost

2026-07-16 16:33:59 - SMTP DEBUG - SERVER -> CLIENT: 250-smtp.gmail.com at your service, [161.248.191.239]
250-SIZE 35882577
250-8BITMIME
250-STARTTLS
250-ENHANCEDSTATUSCODES
250-PIPELINING
250-CHUNKING
250 SMTPUTF8

2026-07-16 16:33:59 - SMTP DEBUG - CLIENT -> SERVER: STARTTLS

2026-07-16 16:34:00 - SMTP DEBUG - SERVER -> CLIENT: 220 2.0.0 Ready to start TLS

2026-07-16 16:34:00 - SMTP DEBUG - CLIENT -> SERVER: EHLO localhost

2026-07-16 16:34:00 - SMTP DEBUG - SERVER -> CLIENT: 250-smtp.gmail.com at your service, [161.248.191.239]
250-SIZE 35882577
250-8BITMIME
250-AUTH LOGIN PLAIN XOAUTH2 PLAIN-CLIENTTOKEN OAUTHBEARER XOAUTH
250-ENHANCEDSTATUSCODES
250-PIPELINING
250-CHUNKING
250 SMTPUTF8

2026-07-16 16:34:00 - SMTP DEBUG - CLIENT -> SERVER: AUTH LOGIN

2026-07-16 16:34:00 - SMTP DEBUG - SERVER -> CLIENT: 334 VXNlcm5hbWU6

2026-07-16 16:34:00 - SMTP DEBUG - CLIENT -> SERVER: [credentials hidden]
2026-07-16 16:34:00 - SMTP DEBUG - SERVER -> CLIENT: 334 UGFzc3dvcmQ6

2026-07-16 16:34:00 - SMTP DEBUG - CLIENT -> SERVER: [credentials hidden]
2026-07-16 16:34:01 - SMTP DEBUG - SERVER -> CLIENT: 535-5.7.8 Username and Password not accepted. For more information, go to
535 5.7.8  https://support.google.com/mail/?p=BadCredentials d9443c01a7336-2cf106e6fe6sm20544585ad.73 - gsmtp

2026-07-16 16:34:01 - SMTP DEBUG - SMTP ERROR: Password command failed: 535-5.7.8 Username and Password not accepted. For more information, go to
535 5.7.8  https://support.google.com/mail/?p=BadCredentials d9443c01a7336-2cf106e6fe6sm20544585ad.73 - gsmtp

2026-07-16 16:34:01 - SMTP DEBUG - SMTP Error: Could not authenticate.
2026-07-16 16:34:01 - SMTP DEBUG - CLIENT -> SERVER: QUIT

2026-07-16 16:34:01 - SMTP DEBUG - SERVER -> CLIENT: 221 2.0.0 closing connection d9443c01a7336-2cf106e6fe6sm20544585ad.73 - gsmtp

2026-07-16 16:34:01 - SMTP DEBUG - SMTP Error: Could not authenticate.
2026-07-16 16:34:01 - ERROR - SMTP Error: Could not authenticate.
2026-07-17 04:47:19 - SMTP DEBUG - SERVER -> CLIENT: 220 smtp.gmail.com ESMTP 98e67ed59e1d1-38e4b22a0c7sm235422a91.14 - gsmtp

2026-07-17 04:47:19 - SMTP DEBUG - CLIENT -> SERVER: EHLO localhost

2026-07-17 04:47:19 - SMTP DEBUG - SERVER -> CLIENT: 250-smtp.gmail.com at your service, [161.248.191.233]
250-SIZE 35882577
250-8BITMIME
250-STARTTLS
250-ENHANCEDSTATUSCODES
250-PIPELINING
250-CHUNKING
250 SMTPUTF8

2026-07-17 04:47:19 - SMTP DEBUG - CLIENT -> SERVER: STARTTLS

2026-07-17 04:47:19 - SMTP DEBUG - SERVER -> CLIENT: 220 2.0.0 Ready to start TLS

2026-07-17 04:47:19 - SMTP DEBUG - CLIENT -> SERVER: EHLO localhost

2026-07-17 04:47:19 - SMTP DEBUG - SERVER -> CLIENT: 250-smtp.gmail.com at your service, [161.248.191.233]
250-SIZE 35882577
250-8BITMIME
250-AUTH LOGIN PLAIN XOAUTH2 PLAIN-CLIENTTOKEN OAUTHBEARER XOAUTH
250-ENHANCEDSTATUSCODES
250-PIPELINING
250-CHUNKING
250 SMTPUTF8

2026-07-17 04:47:19 - SMTP DEBUG - CLIENT -> SERVER: AUTH LOGIN

2026-07-17 04:47:20 - SMTP DEBUG - SERVER -> CLIENT: 334 VXNlcm5hbWU6

2026-07-17 04:47:20 - SMTP DEBUG - CLIENT -> SERVER: [credentials hidden]
2026-07-17 04:47:20 - SMTP DEBUG - SERVER -> CLIENT: 334 UGFzc3dvcmQ6

2026-07-17 04:47:20 - SMTP DEBUG - CLIENT -> SERVER: [credentials hidden]
2026-07-17 04:47:20 - SMTP DEBUG - SERVER -> CLIENT: 535-5.7.8 Username and Password not accepted. For more information, go to
535 5.7.8  https://support.google.com/mail/?p=BadCredentials 98e67ed59e1d1-38e4b22a0c7sm235422a91.14 - gsmtp

2026-07-17 04:47:20 - SMTP DEBUG - SMTP ERROR: Password command failed: 535-5.7.8 Username and Password not accepted. For more information, go to
535 5.7.8  https://support.google.com/mail/?p=BadCredentials 98e67ed59e1d1-38e4b22a0c7sm235422a91.14 - gsmtp

2026-07-17 04:47:20 - SMTP DEBUG - SMTP Error: Could not authenticate.
2026-07-17 04:47:20 - SMTP DEBUG - CLIENT -> SERVER: QUIT

2026-07-17 04:47:21 - SMTP DEBUG - SERVER -> CLIENT: 221 2.0.0 closing connection 98e67ed59e1d1-38e4b22a0c7sm235422a91.14 - gsmtp

2026-07-17 04:47:21 - SMTP DEBUG - SMTP Error: Could not authenticate.
2026-07-17 04:47:21 - ERROR - SMTP Error: Could not authenticate.
2026-07-17 04:52:53 - SMTP DEBUG - SERVER -> CLIENT: 220 smtp.gmail.com ESMTP d2e1a72fcca58-84c2adc3571sm107056b3a.14 - gsmtp

2026-07-17 04:52:53 - SMTP DEBUG - CLIENT -> SERVER: EHLO localhost

2026-07-17 04:52:53 - SMTP DEBUG - SERVER -> CLIENT: 250-smtp.gmail.com at your service, [161.248.191.233]
250-SIZE 35882577
250-8BITMIME
250-STARTTLS
250-ENHANCEDSTATUSCODES
250-PIPELINING
250-CHUNKING
250 SMTPUTF8

2026-07-17 04:52:53 - SMTP DEBUG - CLIENT -> SERVER: STARTTLS

2026-07-17 04:52:53 - SMTP DEBUG - SERVER -> CLIENT: 220 2.0.0 Ready to start TLS

2026-07-17 04:52:53 - SMTP DEBUG - CLIENT -> SERVER: EHLO localhost

2026-07-17 04:52:53 - SMTP DEBUG - SERVER -> CLIENT: 250-smtp.gmail.com at your service, [161.248.191.233]
250-SIZE 35882577
250-8BITMIME
250-AUTH LOGIN PLAIN XOAUTH2 PLAIN-CLIENTTOKEN OAUTHBEARER XOAUTH
250-ENHANCEDSTATUSCODES
250-PIPELINING
250-CHUNKING
250 SMTPUTF8

2026-07-17 04:52:53 - SMTP DEBUG - CLIENT -> SERVER: AUTH LOGIN

2026-07-17 04:52:54 - SMTP DEBUG - SERVER -> CLIENT: 334 VXNlcm5hbWU6

2026-07-17 04:52:54 - SMTP DEBUG - CLIENT -> SERVER: [credentials hidden]
2026-07-17 04:52:54 - SMTP DEBUG - SERVER -> CLIENT: 334 UGFzc3dvcmQ6

2026-07-17 04:52:54 - SMTP DEBUG - CLIENT -> SERVER: [credentials hidden]
2026-07-17 04:52:54 - SMTP DEBUG - SERVER -> CLIENT: 535-5.7.8 Username and Password not accepted. For more information, go to
535 5.7.8  https://support.google.com/mail/?p=BadCredentials d2e1a72fcca58-84c2adc3571sm107056b3a.14 - gsmtp

2026-07-17 04:52:54 - SMTP DEBUG - SMTP ERROR: Password command failed: 535-5.7.8 Username and Password not accepted. For more information, go to
535 5.7.8  https://support.google.com/mail/?p=BadCredentials d2e1a72fcca58-84c2adc3571sm107056b3a.14 - gsmtp

2026-07-17 04:52:54 - SMTP DEBUG - SMTP Error: Could not authenticate.
2026-07-17 04:52:54 - SMTP DEBUG - CLIENT -> SERVER: QUIT

2026-07-17 04:52:55 - SMTP DEBUG - SERVER -> CLIENT: 221 2.0.0 closing connection d2e1a72fcca58-84c2adc3571sm107056b3a.14 - gsmtp

2026-07-17 04:52:55 - SMTP DEBUG - SMTP Error: Could not authenticate.
2026-07-17 04:52:55 - ERROR - SMTP Error: Could not authenticate.
2026-07-17 05:06:40 - SMTP DEBUG - SERVER -> CLIENT: 220 smtp.gmail.com ESMTP 41be03b00d2f7-cb519aeb676sm179668a12.19 - gsmtp

2026-07-17 05:06:40 - SMTP DEBUG - CLIENT -> SERVER: EHLO localhost

2026-07-17 05:06:40 - SMTP DEBUG - SERVER -> CLIENT: 250-smtp.gmail.com at your service, [161.248.191.233]
250-SIZE 35882577
250-8BITMIME
250-STARTTLS
250-ENHANCEDSTATUSCODES
250-PIPELINING
250-CHUNKING
250 SMTPUTF8

2026-07-17 05:06:40 - SMTP DEBUG - CLIENT -> SERVER: STARTTLS

2026-07-17 05:06:40 - SMTP DEBUG - SERVER -> CLIENT: 220 2.0.0 Ready to start TLS

2026-07-17 05:06:40 - SMTP DEBUG - CLIENT -> SERVER: EHLO localhost

2026-07-17 05:06:41 - SMTP DEBUG - SERVER -> CLIENT: 250-smtp.gmail.com at your service, [161.248.191.233]
250-SIZE 35882577
250-8BITMIME
250-AUTH LOGIN PLAIN XOAUTH2 PLAIN-CLIENTTOKEN OAUTHBEARER XOAUTH
250-ENHANCEDSTATUSCODES
250-PIPELINING
250-CHUNKING
250 SMTPUTF8

2026-07-17 05:06:41 - SMTP DEBUG - CLIENT -> SERVER: AUTH LOGIN

2026-07-17 05:06:41 - SMTP DEBUG - SERVER -> CLIENT: 334 VXNlcm5hbWU6

2026-07-17 05:06:41 - SMTP DEBUG - CLIENT -> SERVER: [credentials hidden]
2026-07-17 05:06:41 - SMTP DEBUG - SERVER -> CLIENT: 334 UGFzc3dvcmQ6

2026-07-17 05:06:41 - SMTP DEBUG - CLIENT -> SERVER: [credentials hidden]
2026-07-17 05:06:42 - SMTP DEBUG - SERVER -> CLIENT: 535-5.7.8 Username and Password not accepted. For more information, go to
535 5.7.8  https://support.google.com/mail/?p=BadCredentials 41be03b00d2f7-cb519aeb676sm179668a12.19 - gsmtp

2026-07-17 05:06:42 - SMTP DEBUG - SMTP ERROR: Password command failed: 535-5.7.8 Username and Password not accepted. For more information, go to
535 5.7.8  https://support.google.com/mail/?p=BadCredentials 41be03b00d2f7-cb519aeb676sm179668a12.19 - gsmtp

2026-07-17 05:06:42 - SMTP DEBUG - SMTP Error: Could not authenticate.
2026-07-17 05:06:42 - SMTP DEBUG - CLIENT -> SERVER: QUIT

2026-07-17 05:06:42 - SMTP DEBUG - SERVER -> CLIENT: 221 2.0.0 closing connection 41be03b00d2f7-cb519aeb676sm179668a12.19 - gsmtp

2026-07-17 05:06:42 - SMTP DEBUG - SMTP Error: Could not authenticate.
2026-07-17 05:06:42 - ERROR - SMTP Error: Could not authenticate.
2026-07-17 05:12:38 - SMTP DEBUG - SERVER -> CLIENT: 220 smtp.gmail.com ESMTP d9443c01a7336-2cf3448fba7sm2673295ad.6 - gsmtp

2026-07-17 05:12:38 - SMTP DEBUG - CLIENT -> SERVER: EHLO localhost

2026-07-17 05:12:38 - SMTP DEBUG - SERVER -> CLIENT: 250-smtp.gmail.com at your service, [161.248.191.233]
250-SIZE 35882577
250-8BITMIME
250-STARTTLS
250-ENHANCEDSTATUSCODES
250-PIPELINING
250-CHUNKING
250 SMTPUTF8

2026-07-17 05:12:38 - SMTP DEBUG - CLIENT -> SERVER: STARTTLS

2026-07-17 05:12:39 - SMTP DEBUG - SERVER -> CLIENT: 220 2.0.0 Ready to start TLS

2026-07-17 05:12:39 - SMTP DEBUG - CLIENT -> SERVER: EHLO localhost

2026-07-17 05:12:39 - SMTP DEBUG - SERVER -> CLIENT: 250-smtp.gmail.com at your service, [161.248.191.233]
250-SIZE 35882577
250-8BITMIME
250-AUTH LOGIN PLAIN XOAUTH2 PLAIN-CLIENTTOKEN OAUTHBEARER XOAUTH
250-ENHANCEDSTATUSCODES
250-PIPELINING
250-CHUNKING
250 SMTPUTF8

2026-07-17 05:12:39 - SMTP DEBUG - CLIENT -> SERVER: AUTH LOGIN

2026-07-17 05:12:39 - SMTP DEBUG - SERVER -> CLIENT: 334 VXNlcm5hbWU6

2026-07-17 05:12:39 - SMTP DEBUG - CLIENT -> SERVER: [credentials hidden]
2026-07-17 05:12:39 - SMTP DEBUG - SERVER -> CLIENT: 334 UGFzc3dvcmQ6

2026-07-17 05:12:39 - SMTP DEBUG - CLIENT -> SERVER: [credentials hidden]
2026-07-17 05:12:40 - SMTP DEBUG - SERVER -> CLIENT: 535-5.7.8 Username and Password not accepted. For more information, go to
535 5.7.8  https://support.google.com/mail/?p=BadCredentials d9443c01a7336-2cf3448fba7sm2673295ad.6 - gsmtp

2026-07-17 05:12:40 - SMTP DEBUG - SMTP ERROR: Password command failed: 535-5.7.8 Username and Password not accepted. For more information, go to
535 5.7.8  https://support.google.com/mail/?p=BadCredentials d9443c01a7336-2cf3448fba7sm2673295ad.6 - gsmtp

2026-07-17 05:12:40 - SMTP DEBUG - SMTP Error: Could not authenticate.
2026-07-17 05:12:40 - SMTP DEBUG - CLIENT -> SERVER: QUIT

2026-07-17 05:12:40 - SMTP DEBUG - SERVER -> CLIENT: 221 2.0.0 closing connection d9443c01a7336-2cf3448fba7sm2673295ad.6 - gsmtp

2026-07-17 05:12:40 - SMTP DEBUG - SMTP Error: Could not authenticate.
2026-07-17 05:12:40 - ERROR - SMTP Error: Could not authenticate.
2026-07-17 05:14:40 - SMTP DEBUG - SERVER -> CLIENT: 220 smtp.gmail.com ESMTP d9443c01a7336-2cf34490361sm2746305ad.17 - gsmtp

2026-07-17 05:14:40 - SMTP DEBUG - CLIENT -> SERVER: EHLO localhost

2026-07-17 05:14:40 - SMTP DEBUG - SERVER -> CLIENT: 250-smtp.gmail.com at your service, [161.248.191.233]
250-SIZE 35882577
250-8BITMIME
250-STARTTLS
250-ENHANCEDSTATUSCODES
250-PIPELINING
250-CHUNKING
250 SMTPUTF8

2026-07-17 05:14:40 - SMTP DEBUG - CLIENT -> SERVER: STARTTLS

2026-07-17 05:14:40 - SMTP DEBUG - SERVER -> CLIENT: 220 2.0.0 Ready to start TLS

2026-07-17 05:14:40 - SMTP DEBUG - CLIENT -> SERVER: EHLO localhost

2026-07-17 05:14:40 - SMTP DEBUG - SERVER -> CLIENT: 250-smtp.gmail.com at your service, [161.248.191.233]
250-SIZE 35882577
250-8BITMIME
250-AUTH LOGIN PLAIN XOAUTH2 PLAIN-CLIENTTOKEN OAUTHBEARER XOAUTH
250-ENHANCEDSTATUSCODES
250-PIPELINING
250-CHUNKING
250 SMTPUTF8

2026-07-17 05:14:40 - SMTP DEBUG - CLIENT -> SERVER: AUTH LOGIN

2026-07-17 05:14:41 - SMTP DEBUG - SERVER -> CLIENT: 334 VXNlcm5hbWU6

2026-07-17 05:14:41 - SMTP DEBUG - CLIENT -> SERVER: [credentials hidden]
2026-07-17 05:14:41 - SMTP DEBUG - SERVER -> CLIENT: 334 UGFzc3dvcmQ6

2026-07-17 05:14:41 - SMTP DEBUG - CLIENT -> SERVER: [credentials hidden]
2026-07-17 05:14:41 - SMTP DEBUG - SERVER -> CLIENT: 534-5.7.9 Application-specific password required. For more information, go to
534 5.7.9  https://support.google.com/mail/?p=InvalidSecondFactor d9443c01a7336-2cf34490361sm2746305ad.17 - gsmtp

2026-07-17 05:14:41 - SMTP DEBUG - SMTP ERROR: Password command failed: 534-5.7.9 Application-specific password required. For more information, go to
534 5.7.9  https://support.google.com/mail/?p=InvalidSecondFactor d9443c01a7336-2cf34490361sm2746305ad.17 - gsmtp

2026-07-17 05:14:41 - SMTP DEBUG - SMTP Error: Could not authenticate.
2026-07-17 05:14:41 - SMTP DEBUG - CLIENT -> SERVER: QUIT

2026-07-17 05:14:41 - SMTP DEBUG - SERVER -> CLIENT: 221 2.0.0 closing connection d9443c01a7336-2cf34490361sm2746305ad.17 - gsmtp

2026-07-17 05:14:41 - SMTP DEBUG - SMTP Error: Could not authenticate.
2026-07-17 05:14:41 - ERROR - SMTP Error: Could not authenticate.
2026-07-17 05:14:42 - SMTP DEBUG - SERVER -> CLIENT: 220 smtp.gmail.com ESMTP d2e1a72fcca58-84c2afd07e2sm114677b3a.61 - gsmtp

2026-07-17 05:14:42 - SMTP DEBUG - CLIENT -> SERVER: EHLO localhost

2026-07-17 05:14:42 - SMTP DEBUG - SERVER -> CLIENT: 250-smtp.gmail.com at your service, [161.248.191.233]
250-SIZE 35882577
250-8BITMIME
250-STARTTLS
250-ENHANCEDSTATUSCODES
250-PIPELINING
250-CHUNKING
250 SMTPUTF8

2026-07-17 05:14:42 - SMTP DEBUG - CLIENT -> SERVER: STARTTLS

2026-07-17 05:14:43 - SMTP DEBUG - SERVER -> CLIENT: 220 2.0.0 Ready to start TLS

2026-07-17 05:14:43 - SMTP DEBUG - CLIENT -> SERVER: EHLO localhost

2026-07-17 05:14:43 - SMTP DEBUG - SERVER -> CLIENT: 250-smtp.gmail.com at your service, [161.248.191.233]
250-SIZE 35882577
250-8BITMIME
250-AUTH LOGIN PLAIN XOAUTH2 PLAIN-CLIENTTOKEN OAUTHBEARER XOAUTH
250-ENHANCEDSTATUSCODES
250-PIPELINING
250-CHUNKING
250 SMTPUTF8

2026-07-17 05:14:43 - SMTP DEBUG - CLIENT -> SERVER: AUTH LOGIN

2026-07-17 05:14:43 - SMTP DEBUG - SERVER -> CLIENT: 334 VXNlcm5hbWU6

2026-07-17 05:14:43 - SMTP DEBUG - CLIENT -> SERVER: [credentials hidden]
2026-07-17 05:14:43 - SMTP DEBUG - SERVER -> CLIENT: 334 UGFzc3dvcmQ6

2026-07-17 05:14:43 - SMTP DEBUG - CLIENT -> SERVER: [credentials hidden]
2026-07-17 05:14:44 - SMTP DEBUG - SERVER -> CLIENT: 534-5.7.9 Application-specific password required. For more information, go to
534 5.7.9  https://support.google.com/mail/?p=InvalidSecondFactor d2e1a72fcca58-84c2afd07e2sm114677b3a.61 - gsmtp

2026-07-17 05:14:44 - SMTP DEBUG - SMTP ERROR: Password command failed: 534-5.7.9 Application-specific password required. For more information, go to
534 5.7.9  https://support.google.com/mail/?p=InvalidSecondFactor d2e1a72fcca58-84c2afd07e2sm114677b3a.61 - gsmtp

2026-07-17 05:14:44 - SMTP DEBUG - SMTP Error: Could not authenticate.
2026-07-17 05:14:44 - SMTP DEBUG - CLIENT -> SERVER: QUIT

2026-07-17 05:14:44 - SMTP DEBUG - SERVER -> CLIENT: 221 2.0.0 closing connection d2e1a72fcca58-84c2afd07e2sm114677b3a.61 - gsmtp

2026-07-17 05:14:44 - SMTP DEBUG - SMTP Error: Could not authenticate.
2026-07-17 05:14:44 - ERROR - SMTP Error: Could not authenticate.
2026-07-17 05:19:03 - SMTP DEBUG - SERVER -> CLIENT: 220 smtp.gmail.com ESMTP d2e1a72fcca58-84c2adc33easm132222b3a.13 - gsmtp

2026-07-17 05:19:03 - SMTP DEBUG - CLIENT -> SERVER: EHLO localhost

2026-07-17 05:19:03 - SMTP DEBUG - SERVER -> CLIENT: 250-smtp.gmail.com at your service, [161.248.191.233]
250-SIZE 35882577
250-8BITMIME
250-STARTTLS
250-ENHANCEDSTATUSCODES
250-PIPELINING
250-CHUNKING
250 SMTPUTF8

2026-07-17 05:19:03 - SMTP DEBUG - CLIENT -> SERVER: STARTTLS

2026-07-17 05:19:04 - SMTP DEBUG - SERVER -> CLIENT: 220 2.0.0 Ready to start TLS

2026-07-17 05:19:04 - SMTP DEBUG - CLIENT -> SERVER: EHLO localhost

2026-07-17 05:19:04 - SMTP DEBUG - SERVER -> CLIENT: 250-smtp.gmail.com at your service, [161.248.191.233]
250-SIZE 35882577
250-8BITMIME
250-AUTH LOGIN PLAIN XOAUTH2 PLAIN-CLIENTTOKEN OAUTHBEARER XOAUTH
250-ENHANCEDSTATUSCODES
250-PIPELINING
250-CHUNKING
250 SMTPUTF8

2026-07-17 05:19:04 - SMTP DEBUG - CLIENT -> SERVER: AUTH LOGIN

2026-07-17 05:19:04 - SMTP DEBUG - SERVER -> CLIENT: 334 VXNlcm5hbWU6

2026-07-17 05:19:04 - SMTP DEBUG - CLIENT -> SERVER: [credentials hidden]
2026-07-17 05:19:04 - SMTP DEBUG - SERVER -> CLIENT: 334 UGFzc3dvcmQ6

2026-07-17 05:19:04 - SMTP DEBUG - CLIENT -> SERVER: [credentials hidden]
2026-07-17 05:19:05 - SMTP DEBUG - SERVER -> CLIENT: 235 2.7.0 Accepted

2026-07-17 05:19:05 - SMTP DEBUG - CLIENT -> SERVER: MAIL FROM:<escartinalex8@gmail.com>

2026-07-17 05:19:05 - SMTP DEBUG - SERVER -> CLIENT: 250 2.1.0 OK d2e1a72fcca58-84c2adc33easm132222b3a.13 - gsmtp

2026-07-17 05:19:05 - SMTP DEBUG - CLIENT -> SERVER: RCPT TO:<escartinalex8@gmail.com>

2026-07-17 05:19:05 - SMTP DEBUG - SERVER -> CLIENT: 250 2.1.5 OK d2e1a72fcca58-84c2adc33easm132222b3a.13 - gsmtp

2026-07-17 05:19:05 - SMTP DEBUG - CLIENT -> SERVER: DATA

2026-07-17 05:19:05 - SMTP DEBUG - SERVER -> CLIENT: 354 Go ahead d2e1a72fcca58-84c2adc33easm132222b3a.13 - gsmtp

2026-07-17 05:19:05 - SMTP DEBUG - CLIENT -> SERVER: Date: Fri, 17 Jul 2026 05:19:02 +0200

2026-07-17 05:19:05 - SMTP DEBUG - CLIENT -> SERVER: To: Alexander Escartin <escartinalex8@gmail.com>

2026-07-17 05:19:05 - SMTP DEBUG - CLIENT -> SERVER: From: paddleground <escartinalex8@gmail.com>

2026-07-17 05:19:05 - SMTP DEBUG - CLIENT -> SERVER: Subject: Verify your PaddleGround account

2026-07-17 05:19:05 - SMTP DEBUG - CLIENT -> SERVER: Message-ID: <pt9bzbANymoiM4TXVzjD4xjRtHAWVgh1mkLvLWZ0d8@localhost>

2026-07-17 05:19:05 - SMTP DEBUG - CLIENT -> SERVER: X-Mailer: PHPMailer 7.1.1 (https://github.com/PHPMailer/PHPMailer)

2026-07-17 05:19:05 - SMTP DEBUG - CLIENT -> SERVER: MIME-Version: 1.0

2026-07-17 05:19:05 - SMTP DEBUG - CLIENT -> SERVER: Content-Type: text/plain; charset=iso-8859-1

2026-07-17 05:19:05 - SMTP DEBUG - CLIENT -> SERVER: 

2026-07-17 05:19:05 - SMTP DEBUG - CLIENT -> SERVER: Hi Alexander Escartin,

2026-07-17 05:19:05 - SMTP DEBUG - CLIENT -> SERVER: 

2026-07-17 05:19:05 - SMTP DEBUG - CLIENT -> SERVER: Your PaddleGround verification code is: 101091

2026-07-17 05:19:05 - SMTP DEBUG - CLIENT -> SERVER: 

2026-07-17 05:19:05 - SMTP DEBUG - CLIENT -> SERVER: This code expires in 10 minutes.

2026-07-17 05:19:05 - SMTP DEBUG - CLIENT -> SERVER: 

2026-07-17 05:19:05 - SMTP DEBUG - CLIENT -> SERVER: .

2026-07-17 05:19:06 - SMTP DEBUG - SERVER -> CLIENT: 250 2.0.0 OK  1784258347 d2e1a72fcca58-84c2adc33easm132222b3a.13 - gsmtp

2026-07-17 05:19:06 - SMTP DEBUG - CLIENT -> SERVER: QUIT

2026-07-17 05:19:07 - SMTP DEBUG - SERVER -> CLIENT: 221 2.0.0 closing connection d2e1a72fcca58-84c2adc33easm132222b3a.13 - gsmtp

2026-07-17 05:22:25 - SMTP DEBUG - SERVER -> CLIENT: 220 smtp.gmail.com ESMTP d9443c01a7336-2cf3448ef6asm2782605ad.9 - gsmtp

2026-07-17 05:22:25 - SMTP DEBUG - CLIENT -> SERVER: EHLO localhost

2026-07-17 05:22:25 - SMTP DEBUG - SERVER -> CLIENT: 250-smtp.gmail.com at your service, [161.248.191.233]
250-SIZE 35882577
250-8BITMIME
250-STARTTLS
250-ENHANCEDSTATUSCODES
250-PIPELINING
250-CHUNKING
250 SMTPUTF8

2026-07-17 05:22:25 - SMTP DEBUG - CLIENT -> SERVER: STARTTLS

2026-07-17 05:22:26 - SMTP DEBUG - SERVER -> CLIENT: 220 2.0.0 Ready to start TLS

2026-07-17 05:22:26 - SMTP DEBUG - CLIENT -> SERVER: EHLO localhost

2026-07-17 05:22:26 - SMTP DEBUG - SERVER -> CLIENT: 250-smtp.gmail.com at your service, [161.248.191.233]
250-SIZE 35882577
250-8BITMIME
250-AUTH LOGIN PLAIN XOAUTH2 PLAIN-CLIENTTOKEN OAUTHBEARER XOAUTH
250-ENHANCEDSTATUSCODES
250-PIPELINING
250-CHUNKING
250 SMTPUTF8

2026-07-17 05:22:26 - SMTP DEBUG - CLIENT -> SERVER: AUTH LOGIN

2026-07-17 05:22:26 - SMTP DEBUG - SERVER -> CLIENT: 334 VXNlcm5hbWU6

2026-07-17 05:22:26 - SMTP DEBUG - CLIENT -> SERVER: [credentials hidden]
2026-07-17 05:22:26 - SMTP DEBUG - SERVER -> CLIENT: 334 UGFzc3dvcmQ6

2026-07-17 05:22:26 - SMTP DEBUG - CLIENT -> SERVER: [credentials hidden]
2026-07-17 05:22:27 - SMTP DEBUG - SERVER -> CLIENT: 235 2.7.0 Accepted

2026-07-17 05:22:27 - SMTP DEBUG - CLIENT -> SERVER: MAIL FROM:<escartinalex8@gmail.com>

2026-07-17 05:22:27 - SMTP DEBUG - SERVER -> CLIENT: 250 2.1.0 OK d9443c01a7336-2cf3448ef6asm2782605ad.9 - gsmtp

2026-07-17 05:22:27 - SMTP DEBUG - CLIENT -> SERVER: RCPT TO:<mariamayyy09@gmail.com>

2026-07-17 05:22:27 - SMTP DEBUG - SERVER -> CLIENT: 250 2.1.5 OK d9443c01a7336-2cf3448ef6asm2782605ad.9 - gsmtp

2026-07-17 05:22:27 - SMTP DEBUG - CLIENT -> SERVER: DATA

2026-07-17 05:22:27 - SMTP DEBUG - SERVER -> CLIENT: 354 Go ahead d9443c01a7336-2cf3448ef6asm2782605ad.9 - gsmtp

2026-07-17 05:22:27 - SMTP DEBUG - CLIENT -> SERVER: Date: Fri, 17 Jul 2026 05:22:24 +0200

2026-07-17 05:22:27 - SMTP DEBUG - CLIENT -> SERVER: To: Maria May <mariamayyy09@gmail.com>

2026-07-17 05:22:27 - SMTP DEBUG - CLIENT -> SERVER: From: paddleground <escartinalex8@gmail.com>

2026-07-17 05:22:27 - SMTP DEBUG - CLIENT -> SERVER: Subject: Verify your PaddleGround account

2026-07-17 05:22:27 - SMTP DEBUG - CLIENT -> SERVER: Message-ID: <jbgncU7ntH1pIDz2kHl1OZwr9otktjWrEvELufMIOg@localhost>

2026-07-17 05:22:27 - SMTP DEBUG - CLIENT -> SERVER: X-Mailer: PHPMailer 7.1.1 (https://github.com/PHPMailer/PHPMailer)

2026-07-17 05:22:27 - SMTP DEBUG - CLIENT -> SERVER: MIME-Version: 1.0

2026-07-17 05:22:27 - SMTP DEBUG - CLIENT -> SERVER: Content-Type: text/plain; charset=iso-8859-1

2026-07-17 05:22:27 - SMTP DEBUG - CLIENT -> SERVER: 

2026-07-17 05:22:27 - SMTP DEBUG - CLIENT -> SERVER: Hi Maria May,

2026-07-17 05:22:27 - SMTP DEBUG - CLIENT -> SERVER: 

2026-07-17 05:22:27 - SMTP DEBUG - CLIENT -> SERVER: Your PaddleGround verification code is: 760105

2026-07-17 05:22:27 - SMTP DEBUG - CLIENT -> SERVER: 

2026-07-17 05:22:27 - SMTP DEBUG - CLIENT -> SERVER: This code expires in 10 minutes.

2026-07-17 05:22:27 - SMTP DEBUG - CLIENT -> SERVER: 

2026-07-17 05:22:27 - SMTP DEBUG - CLIENT -> SERVER: .

2026-07-17 05:22:28 - SMTP DEBUG - SERVER -> CLIENT: 250 2.0.0 OK  1784258549 d9443c01a7336-2cf3448ef6asm2782605ad.9 - gsmtp

2026-07-17 05:22:28 - SMTP DEBUG - CLIENT -> SERVER: QUIT

2026-07-17 05:22:28 - SMTP DEBUG - SERVER -> CLIENT: 221 2.0.0 closing connection d9443c01a7336-2cf3448ef6asm2782605ad.9 - gsmtp

2026-07-23 07:08:33 - SMTP DEBUG - SERVER -> CLIENT: 220 smtp.gmail.com ESMTP d9443c01a7336-2cf9c8b7a7esm15754015ad.3 - gsmtp

2026-07-23 07:08:33 - SMTP DEBUG - CLIENT -> SERVER: EHLO localhost

2026-07-23 07:08:34 - SMTP DEBUG - SERVER -> CLIENT: 250-smtp.gmail.com at your service, [161.248.191.238]
250-SIZE 35882577
250-8BITMIME
250-STARTTLS
250-ENHANCEDSTATUSCODES
250-PIPELINING
250-CHUNKING
250 SMTPUTF8

2026-07-23 07:08:34 - SMTP DEBUG - CLIENT -> SERVER: STARTTLS

2026-07-23 07:08:34 - SMTP DEBUG - SERVER -> CLIENT: 220 2.0.0 Ready to start TLS

2026-07-23 07:08:34 - SMTP DEBUG - CLIENT -> SERVER: EHLO localhost

2026-07-23 07:08:34 - SMTP DEBUG - SERVER -> CLIENT: 250-smtp.gmail.com at your service, [161.248.191.238]
250-SIZE 35882577
250-8BITMIME
250-AUTH LOGIN PLAIN XOAUTH2 PLAIN-CLIENTTOKEN OAUTHBEARER XOAUTH
250-ENHANCEDSTATUSCODES
250-PIPELINING
250-CHUNKING
250 SMTPUTF8

2026-07-23 07:08:34 - SMTP DEBUG - CLIENT -> SERVER: AUTH LOGIN

2026-07-23 07:08:34 - SMTP DEBUG - SERVER -> CLIENT: 334 VXNlcm5hbWU6

2026-07-23 07:08:34 - SMTP DEBUG - CLIENT -> SERVER: [credentials hidden]
2026-07-23 07:08:35 - SMTP DEBUG - SERVER -> CLIENT: 334 UGFzc3dvcmQ6

2026-07-23 07:08:35 - SMTP DEBUG - CLIENT -> SERVER: [credentials hidden]
2026-07-23 07:08:35 - SMTP DEBUG - SERVER -> CLIENT: 235 2.7.0 Accepted

2026-07-23 07:08:35 - SMTP DEBUG - CLIENT -> SERVER: MAIL FROM:<escartinalex8@gmail.com>

2026-07-23 07:08:35 - SMTP DEBUG - SERVER -> CLIENT: 250 2.1.0 OK d9443c01a7336-2cf9c8b7a7esm15754015ad.3 - gsmtp

2026-07-23 07:08:35 - SMTP DEBUG - CLIENT -> SERVER: RCPT TO:<berdera.aljomar@gmail.com>

2026-07-23 07:08:35 - SMTP DEBUG - SERVER -> CLIENT: 250 2.1.5 OK d9443c01a7336-2cf9c8b7a7esm15754015ad.3 - gsmtp

2026-07-23 07:08:35 - SMTP DEBUG - CLIENT -> SERVER: DATA

2026-07-23 07:08:36 - SMTP DEBUG - SERVER -> CLIENT: 354 Go ahead d9443c01a7336-2cf9c8b7a7esm15754015ad.3 - gsmtp

2026-07-23 07:08:36 - SMTP DEBUG - CLIENT -> SERVER: Date: Thu, 23 Jul 2026 07:08:32 +0200

2026-07-23 07:08:36 - SMTP DEBUG - CLIENT -> SERVER: To: Aljomar Berdera <berdera.aljomar@gmail.com>

2026-07-23 07:08:36 - SMTP DEBUG - CLIENT -> SERVER: From: paddleground <escartinalex8@gmail.com>

2026-07-23 07:08:36 - SMTP DEBUG - CLIENT -> SERVER: Subject: Verify your PaddleGround account

2026-07-23 07:08:36 - SMTP DEBUG - CLIENT -> SERVER: Message-ID: <5wSlCDaPXOxwTvigrXRxY0B7SJpzEPdHpaqY7wiZMKc@localhost>

2026-07-23 07:08:36 - SMTP DEBUG - CLIENT -> SERVER: X-Mailer: PHPMailer 7.1.1 (https://github.com/PHPMailer/PHPMailer)

2026-07-23 07:08:36 - SMTP DEBUG - CLIENT -> SERVER: MIME-Version: 1.0

2026-07-23 07:08:36 - SMTP DEBUG - CLIENT -> SERVER: Content-Type: text/plain; charset=iso-8859-1

2026-07-23 07:08:36 - SMTP DEBUG - CLIENT -> SERVER: 

2026-07-23 07:08:36 - SMTP DEBUG - CLIENT -> SERVER: Hi Aljomar Berdera,

2026-07-23 07:08:36 - SMTP DEBUG - CLIENT -> SERVER: 

2026-07-23 07:08:36 - SMTP DEBUG - CLIENT -> SERVER: Your PaddleGround verification code is: 420669

2026-07-23 07:08:36 - SMTP DEBUG - CLIENT -> SERVER: 

2026-07-23 07:08:36 - SMTP DEBUG - CLIENT -> SERVER: This code expires in 10 minutes.

2026-07-23 07:08:36 - SMTP DEBUG - CLIENT -> SERVER: 

2026-07-23 07:08:36 - SMTP DEBUG - CLIENT -> SERVER: .

2026-07-23 07:08:37 - SMTP DEBUG - SERVER -> CLIENT: 250 2.0.0 OK  1784783317 d9443c01a7336-2cf9c8b7a7esm15754015ad.3 - gsmtp

2026-07-23 07:08:37 - SMTP DEBUG - CLIENT -> SERVER: QUIT

2026-07-23 07:08:37 - SMTP DEBUG - SERVER -> CLIENT: 221 2.0.0 closing connection d9443c01a7336-2cf9c8b7a7esm15754015ad.3 - gsmtp

2026-07-23 09:33:32 - SMTP DEBUG - SERVER -> CLIENT: 220 smtp.gmail.com ESMTP d2e1a72fcca58-84e17236c6fsm2628407b3a.5 - gsmtp

2026-07-23 09:33:32 - SMTP DEBUG - CLIENT -> SERVER: EHLO localhost

2026-07-23 09:33:32 - SMTP DEBUG - SERVER -> CLIENT: 250-smtp.gmail.com at your service, [161.248.191.238]
250-SIZE 35882577
250-8BITMIME
250-STARTTLS
250-ENHANCEDSTATUSCODES
250-PIPELINING
250-CHUNKING
250 SMTPUTF8

2026-07-23 09:33:32 - SMTP DEBUG - CLIENT -> SERVER: STARTTLS

2026-07-23 09:33:32 - SMTP DEBUG - SERVER -> CLIENT: 220 2.0.0 Ready to start TLS

2026-07-23 09:33:32 - SMTP DEBUG - CLIENT -> SERVER: EHLO localhost

2026-07-23 09:33:33 - SMTP DEBUG - SERVER -> CLIENT: 250-smtp.gmail.com at your service, [161.248.191.238]
250-SIZE 35882577
250-8BITMIME
250-AUTH LOGIN PLAIN XOAUTH2 PLAIN-CLIENTTOKEN OAUTHBEARER XOAUTH
250-ENHANCEDSTATUSCODES
250-PIPELINING
250-CHUNKING
250 SMTPUTF8

2026-07-23 09:33:33 - SMTP DEBUG - CLIENT -> SERVER: AUTH LOGIN

2026-07-23 09:33:33 - SMTP DEBUG - SERVER -> CLIENT: 334 VXNlcm5hbWU6

2026-07-23 09:33:33 - SMTP DEBUG - CLIENT -> SERVER: [credentials hidden]
2026-07-23 09:33:33 - SMTP DEBUG - SERVER -> CLIENT: 334 UGFzc3dvcmQ6

2026-07-23 09:33:33 - SMTP DEBUG - CLIENT -> SERVER: [credentials hidden]
2026-07-23 09:33:33 - SMTP DEBUG - SERVER -> CLIENT: 235 2.7.0 Accepted

2026-07-23 09:33:33 - SMTP DEBUG - CLIENT -> SERVER: MAIL FROM:<escartinalex8@gmail.com>

2026-07-23 09:33:34 - SMTP DEBUG - SERVER -> CLIENT: 250 2.1.0 OK d2e1a72fcca58-84e17236c6fsm2628407b3a.5 - gsmtp

2026-07-23 09:33:34 - SMTP DEBUG - CLIENT -> SERVER: RCPT TO:<carlaniwang1728@gmail.com>

2026-07-23 09:33:34 - SMTP DEBUG - SERVER -> CLIENT: 250 2.1.5 OK d2e1a72fcca58-84e17236c6fsm2628407b3a.5 - gsmtp

2026-07-23 09:33:34 - SMTP DEBUG - CLIENT -> SERVER: DATA

2026-07-23 09:33:34 - SMTP DEBUG - SERVER -> CLIENT: 354 Go ahead d2e1a72fcca58-84e17236c6fsm2628407b3a.5 - gsmtp

2026-07-23 09:33:34 - SMTP DEBUG - CLIENT -> SERVER: Date: Thu, 23 Jul 2026 09:33:31 +0200

2026-07-23 09:33:34 - SMTP DEBUG - CLIENT -> SERVER: To: Carla Verzosa <carlaniwang1728@gmail.com>

2026-07-23 09:33:34 - SMTP DEBUG - CLIENT -> SERVER: From: paddleground <escartinalex8@gmail.com>

2026-07-23 09:33:34 - SMTP DEBUG - CLIENT -> SERVER: Subject: PaddleGround - Password Reset Request

2026-07-23 09:33:34 - SMTP DEBUG - CLIENT -> SERVER: Message-ID: <8MxZvvEz9OMmKYwEiM248M38XN27pmAVC8oszm04Q@localhost>

2026-07-23 09:33:34 - SMTP DEBUG - CLIENT -> SERVER: X-Mailer: PHPMailer 7.1.1 (https://github.com/PHPMailer/PHPMailer)

2026-07-23 09:33:34 - SMTP DEBUG - CLIENT -> SERVER: MIME-Version: 1.0

2026-07-23 09:33:34 - SMTP DEBUG - CLIENT -> SERVER: Content-Type: text/plain; charset=iso-8859-1

2026-07-23 09:33:34 - SMTP DEBUG - CLIENT -> SERVER: Content-Transfer-Encoding: 8bit

2026-07-23 09:33:34 - SMTP DEBUG - CLIENT -> SERVER: 

2026-07-23 09:33:34 - SMTP DEBUG - CLIENT -> SERVER: Hi Carla Verzosa,

2026-07-23 09:33:34 - SMTP DEBUG - CLIENT -> SERVER: 

2026-07-23 09:33:34 - SMTP DEBUG - CLIENT -> SERVER: We received a request to reset your PaddleGround password.

2026-07-23 09:33:34 - SMTP DEBUG - CLIENT -> SERVER: 

2026-07-23 09:33:34 - SMTP DEBUG - CLIENT -> SERVER: Click the link below to set a new password. This link expires in 1 hour:

2026-07-23 09:33:34 - SMTP DEBUG - CLIENT -> SERVER: http://localhost/paddle-reservation/auth/reset_password.php?token=4a727a5687d2b076032ceff9e58338f32aed5e3e10384c5cf8bb9ce2fdbacd31

2026-07-23 09:33:34 - SMTP DEBUG - CLIENT -> SERVER: 

2026-07-23 09:33:34 - SMTP DEBUG - CLIENT -> SERVER: If you didn't request this, you can safely ignore this email — your password will remain unchanged.

2026-07-23 09:33:34 - SMTP DEBUG - CLIENT -> SERVER: 

2026-07-23 09:33:34 - SMTP DEBUG - CLIENT -> SERVER: - PaddleGround Team

2026-07-23 09:33:34 - SMTP DEBUG - CLIENT -> SERVER: 

2026-07-23 09:33:34 - SMTP DEBUG - CLIENT -> SERVER: .

2026-07-23 09:33:35 - SMTP DEBUG - SERVER -> CLIENT: 250 2.0.0 OK  1784792015 d2e1a72fcca58-84e17236c6fsm2628407b3a.5 - gsmtp

2026-07-23 09:33:35 - SMTP DEBUG - CLIENT -> SERVER: QUIT

2026-07-23 09:33:35 - SMTP DEBUG - SERVER -> CLIENT: 221 2.0.0 closing connection d2e1a72fcca58-84e17236c6fsm2628407b3a.5 - gsmtp

2026-07-24 04:00:38 - SMTP DEBUG - SERVER -> CLIENT: 220 smtp.gmail.com ESMTP 41be03b00d2f7-cbb8f0d6056sm3660008a12.1 - gsmtp

2026-07-24 04:00:38 - SMTP DEBUG - CLIENT -> SERVER: EHLO localhost

2026-07-24 04:00:38 - SMTP DEBUG - SERVER -> CLIENT: 250-smtp.gmail.com at your service, [161.248.191.236]
250-SIZE 35882577
250-8BITMIME
250-STARTTLS
250-ENHANCEDSTATUSCODES
250-PIPELINING
250-CHUNKING
250 SMTPUTF8

2026-07-24 04:00:38 - SMTP DEBUG - CLIENT -> SERVER: STARTTLS

2026-07-24 04:00:39 - SMTP DEBUG - SERVER -> CLIENT: 220 2.0.0 Ready to start TLS

2026-07-24 04:00:39 - SMTP DEBUG - CLIENT -> SERVER: EHLO localhost

2026-07-24 04:00:39 - SMTP DEBUG - SERVER -> CLIENT: 250-smtp.gmail.com at your service, [161.248.191.236]
250-SIZE 35882577
250-8BITMIME
250-AUTH LOGIN PLAIN XOAUTH2 PLAIN-CLIENTTOKEN OAUTHBEARER XOAUTH
250-ENHANCEDSTATUSCODES
250-PIPELINING
250-CHUNKING
250 SMTPUTF8

2026-07-24 04:00:39 - SMTP DEBUG - CLIENT -> SERVER: AUTH LOGIN

2026-07-24 04:00:39 - SMTP DEBUG - SERVER -> CLIENT: 334 VXNlcm5hbWU6

2026-07-24 04:00:39 - SMTP DEBUG - CLIENT -> SERVER: [credentials hidden]
2026-07-24 04:00:39 - SMTP DEBUG - SERVER -> CLIENT: 334 UGFzc3dvcmQ6

2026-07-24 04:00:39 - SMTP DEBUG - CLIENT -> SERVER: [credentials hidden]
2026-07-24 04:00:40 - SMTP DEBUG - SERVER -> CLIENT: 235 2.7.0 Accepted

2026-07-24 04:00:40 - SMTP DEBUG - CLIENT -> SERVER: MAIL FROM:<escartinalex8@gmail.com>

2026-07-24 04:00:40 - SMTP DEBUG - SERVER -> CLIENT: 250 2.1.0 OK 41be03b00d2f7-cbb8f0d6056sm3660008a12.1 - gsmtp

2026-07-24 04:00:40 - SMTP DEBUG - CLIENT -> SERVER: RCPT TO:<carlaniwang1728@gmail.com>

2026-07-24 04:00:40 - SMTP DEBUG - SERVER -> CLIENT: 250 2.1.5 OK 41be03b00d2f7-cbb8f0d6056sm3660008a12.1 - gsmtp

2026-07-24 04:00:40 - SMTP DEBUG - CLIENT -> SERVER: DATA

2026-07-24 04:00:41 - SMTP DEBUG - SERVER -> CLIENT: 354 Go ahead 41be03b00d2f7-cbb8f0d6056sm3660008a12.1 - gsmtp

2026-07-24 04:00:41 - SMTP DEBUG - CLIENT -> SERVER: Date: Fri, 24 Jul 2026 04:00:37 +0000

2026-07-24 04:00:41 - SMTP DEBUG - CLIENT -> SERVER: To: Carla Verzosa <carlaniwang1728@gmail.com>

2026-07-24 04:00:41 - SMTP DEBUG - CLIENT -> SERVER: From: paddleground <escartinalex8@gmail.com>

2026-07-24 04:00:41 - SMTP DEBUG - CLIENT -> SERVER: Subject: PaddleGround - Password Reset Request

2026-07-24 04:00:41 - SMTP DEBUG - CLIENT -> SERVER: Message-ID: <qhddGqSys3ZgKLZFxTdDk5XXnAtg1qdxnOzQqD8Bvg@localhost>

2026-07-24 04:00:41 - SMTP DEBUG - CLIENT -> SERVER: X-Mailer: PHPMailer 7.1.1 (https://github.com/PHPMailer/PHPMailer)

2026-07-24 04:00:41 - SMTP DEBUG - CLIENT -> SERVER: MIME-Version: 1.0

2026-07-24 04:00:41 - SMTP DEBUG - CLIENT -> SERVER: Content-Type: text/plain; charset=iso-8859-1

2026-07-24 04:00:41 - SMTP DEBUG - CLIENT -> SERVER: Content-Transfer-Encoding: 8bit

2026-07-24 04:00:41 - SMTP DEBUG - CLIENT -> SERVER: 

2026-07-24 04:00:41 - SMTP DEBUG - CLIENT -> SERVER: Hi Carla Verzosa,

2026-07-24 04:00:41 - SMTP DEBUG - CLIENT -> SERVER: 

2026-07-24 04:00:41 - SMTP DEBUG - CLIENT -> SERVER: We received a request to reset your PaddleGround password.

2026-07-24 04:00:41 - SMTP DEBUG - CLIENT -> SERVER: 

2026-07-24 04:00:41 - SMTP DEBUG - CLIENT -> SERVER: Click the link below to set a new password. This link expires in 1 hour:

2026-07-24 04:00:41 - SMTP DEBUG - CLIENT -> SERVER: http://localhost/paddle-reservation/auth/reset_password.php?token=50ac3eac6d8c11788df8b588756a5a9efba19f37b3d675462637b0e19088df26

2026-07-24 04:00:41 - SMTP DEBUG - CLIENT -> SERVER: 

2026-07-24 04:00:41 - SMTP DEBUG - CLIENT -> SERVER: If you didn't request this, you can safely ignore this email — your password will remain unchanged.

2026-07-24 04:00:41 - SMTP DEBUG - CLIENT -> SERVER: 

2026-07-24 04:00:41 - SMTP DEBUG - CLIENT -> SERVER: - PaddleGround Team

2026-07-24 04:00:41 - SMTP DEBUG - CLIENT -> SERVER: 

2026-07-24 04:00:41 - SMTP DEBUG - CLIENT -> SERVER: .

2026-07-24 04:00:41 - SMTP DEBUG - SERVER -> CLIENT: 250 2.0.0 OK  1784865641 41be03b00d2f7-cbb8f0d6056sm3660008a12.1 - gsmtp

2026-07-24 04:00:41 - SMTP DEBUG - CLIENT -> SERVER: QUIT

2026-07-24 04:00:42 - SMTP DEBUG - SERVER -> CLIENT: 221 2.0.0 closing connection 41be03b00d2f7-cbb8f0d6056sm3660008a12.1 - gsmtp

2026-07-24 04:56:15 - SMTP DEBUG - SERVER -> CLIENT: 220 smtp.gmail.com ESMTP d9443c01a7336-2cf8f2e5ee6sm44910945ad.53 - gsmtp

2026-07-24 04:56:15 - SMTP DEBUG - CLIENT -> SERVER: EHLO localhost

2026-07-24 04:56:16 - SMTP DEBUG - SERVER -> CLIENT: 250-smtp.gmail.com at your service, [161.248.191.236]
250-SIZE 35882577
250-8BITMIME
250-STARTTLS
250-ENHANCEDSTATUSCODES
250-PIPELINING
250-CHUNKING
250 SMTPUTF8

2026-07-24 04:56:16 - SMTP DEBUG - CLIENT -> SERVER: STARTTLS

2026-07-24 04:56:16 - SMTP DEBUG - SERVER -> CLIENT: 220 2.0.0 Ready to start TLS

2026-07-24 04:56:16 - SMTP DEBUG - CLIENT -> SERVER: EHLO localhost

2026-07-24 04:56:16 - SMTP DEBUG - SERVER -> CLIENT: 250-smtp.gmail.com at your service, [161.248.191.236]
250-SIZE 35882577
250-8BITMIME
250-AUTH LOGIN PLAIN XOAUTH2 PLAIN-CLIENTTOKEN OAUTHBEARER XOAUTH
250-ENHANCEDSTATUSCODES
250-PIPELINING
250-CHUNKING
250 SMTPUTF8

2026-07-24 04:56:16 - SMTP DEBUG - CLIENT -> SERVER: AUTH LOGIN

2026-07-24 04:56:16 - SMTP DEBUG - SERVER -> CLIENT: 334 VXNlcm5hbWU6

2026-07-24 04:56:16 - SMTP DEBUG - CLIENT -> SERVER: [credentials hidden]
2026-07-24 04:56:17 - SMTP DEBUG - SERVER -> CLIENT: 334 UGFzc3dvcmQ6

2026-07-24 04:56:17 - SMTP DEBUG - CLIENT -> SERVER: [credentials hidden]
2026-07-24 04:56:17 - SMTP DEBUG - SERVER -> CLIENT: 235 2.7.0 Accepted

2026-07-24 04:56:17 - SMTP DEBUG - CLIENT -> SERVER: MAIL FROM:<escartinalex8@gmail.com>

2026-07-24 04:56:17 - SMTP DEBUG - SERVER -> CLIENT: 250 2.1.0 OK d9443c01a7336-2cf8f2e5ee6sm44910945ad.53 - gsmtp

2026-07-24 04:56:17 - SMTP DEBUG - CLIENT -> SERVER: RCPT TO:<carlaniwang1728@gmail.com>

2026-07-24 04:56:17 - SMTP DEBUG - SERVER -> CLIENT: 250 2.1.5 OK d9443c01a7336-2cf8f2e5ee6sm44910945ad.53 - gsmtp

2026-07-24 04:56:17 - SMTP DEBUG - CLIENT -> SERVER: DATA

2026-07-24 04:56:18 - SMTP DEBUG - SERVER -> CLIENT: 354 Go ahead d9443c01a7336-2cf8f2e5ee6sm44910945ad.53 - gsmtp

2026-07-24 04:56:18 - SMTP DEBUG - CLIENT -> SERVER: Date: Fri, 24 Jul 2026 04:56:15 +0000

2026-07-24 04:56:18 - SMTP DEBUG - CLIENT -> SERVER: To: Carla Verzosa <carlaniwang1728@gmail.com>

2026-07-24 04:56:18 - SMTP DEBUG - CLIENT -> SERVER: From: paddleground <escartinalex8@gmail.com>

2026-07-24 04:56:18 - SMTP DEBUG - CLIENT -> SERVER: Subject: PaddleGround - Password Reset Request

2026-07-24 04:56:18 - SMTP DEBUG - CLIENT -> SERVER: Message-ID: <vyzBcScyIhQ3cJmMYeJir7L6yYidlrjduIQtKvR5idk@localhost>

2026-07-24 04:56:18 - SMTP DEBUG - CLIENT -> SERVER: X-Mailer: PHPMailer 7.1.1 (https://github.com/PHPMailer/PHPMailer)

2026-07-24 04:56:18 - SMTP DEBUG - CLIENT -> SERVER: MIME-Version: 1.0

2026-07-24 04:56:18 - SMTP DEBUG - CLIENT -> SERVER: Content-Type: text/plain; charset=iso-8859-1

2026-07-24 04:56:18 - SMTP DEBUG - CLIENT -> SERVER: Content-Transfer-Encoding: 8bit

2026-07-24 04:56:18 - SMTP DEBUG - CLIENT -> SERVER: 

2026-07-24 04:56:18 - SMTP DEBUG - CLIENT -> SERVER: Hi Carla Verzosa,

2026-07-24 04:56:18 - SMTP DEBUG - CLIENT -> SERVER: 

2026-07-24 04:56:18 - SMTP DEBUG - CLIENT -> SERVER: We received a request to reset your PaddleGround password.

2026-07-24 04:56:18 - SMTP DEBUG - CLIENT -> SERVER: 

2026-07-24 04:56:18 - SMTP DEBUG - CLIENT -> SERVER: Click the link below to set a new password. This link expires in 1 hour:

2026-07-24 04:56:18 - SMTP DEBUG - CLIENT -> SERVER: http://localhost/paddle-reservation/auth/reset_password.php?token=3212e703e9ca364057c7272c39d53ec976aebf752b81a44418576e638309560e

2026-07-24 04:56:18 - SMTP DEBUG - CLIENT -> SERVER: 

2026-07-24 04:56:18 - SMTP DEBUG - CLIENT -> SERVER: If you didn't request this, you can safely ignore this email — your password will remain unchanged.

2026-07-24 04:56:18 - SMTP DEBUG - CLIENT -> SERVER: 

2026-07-24 04:56:18 - SMTP DEBUG - CLIENT -> SERVER: - PaddleGround Team

2026-07-24 04:56:18 - SMTP DEBUG - CLIENT -> SERVER: 

2026-07-24 04:56:18 - SMTP DEBUG - CLIENT -> SERVER: .

2026-07-24 04:56:18 - SMTP DEBUG - SERVER -> CLIENT: 250 2.0.0 OK  1784868978 d9443c01a7336-2cf8f2e5ee6sm44910945ad.53 - gsmtp

2026-07-24 04:56:18 - SMTP DEBUG - CLIENT -> SERVER: QUIT

2026-07-24 04:56:19 - SMTP DEBUG - SERVER -> CLIENT: 221 2.0.0 closing connection d9443c01a7336-2cf8f2e5ee6sm44910945ad.53 - gsmtp

2026-07-24 08:29:18 - SMTP DEBUG - SMTP ERROR: Failed to connect to server: php_network_getaddresses: getaddrinfo for smtp.gmail.com failed: No such host is known.  (0)
2026-07-24 08:29:18 - SMTP DEBUG - SMTP Error: Could not connect to SMTP host. Failed to connect to server
2026-07-24 08:29:18 - ERROR - SMTP Error: Could not connect to SMTP host. Failed to connect to server SMTP server error: Failed to connect to server Additional SMTP info: php_network_getaddresses: getaddrinfo for smtp.gmail.com failed: No such host is known. 
2026-07-24 12:16:19 - SMTP DEBUG - SERVER -> CLIENT: 220 smtp.gmail.com ESMTP d2e1a72fcca58-84e1728cab6sm4479362b3a.24 - gsmtp

2026-07-24 12:16:19 - SMTP DEBUG - CLIENT -> SERVER: EHLO localhost

2026-07-24 12:16:20 - SMTP DEBUG - SERVER -> CLIENT: 250-smtp.gmail.com at your service, [143.44.184.159]
250-SIZE 35882577
250-8BITMIME
250-STARTTLS
250-ENHANCEDSTATUSCODES
250-PIPELINING
250-CHUNKING
250 SMTPUTF8

2026-07-24 12:16:20 - SMTP DEBUG - CLIENT -> SERVER: STARTTLS

2026-07-24 12:16:20 - SMTP DEBUG - SERVER -> CLIENT: 220 2.0.0 Ready to start TLS

2026-07-24 12:16:20 - SMTP DEBUG - CLIENT -> SERVER: EHLO localhost

2026-07-24 12:16:20 - SMTP DEBUG - SERVER -> CLIENT: 250-smtp.gmail.com at your service, [143.44.184.159]
250-SIZE 35882577
250-8BITMIME
250-AUTH LOGIN PLAIN XOAUTH2 PLAIN-CLIENTTOKEN OAUTHBEARER XOAUTH
250-ENHANCEDSTATUSCODES
250-PIPELINING
250-CHUNKING
250 SMTPUTF8

2026-07-24 12:16:20 - SMTP DEBUG - CLIENT -> SERVER: AUTH LOGIN

2026-07-24 12:16:21 - SMTP DEBUG - SERVER -> CLIENT: 334 VXNlcm5hbWU6

2026-07-24 12:16:21 - SMTP DEBUG - CLIENT -> SERVER: [credentials hidden]
2026-07-24 12:16:21 - SMTP DEBUG - SERVER -> CLIENT: 334 UGFzc3dvcmQ6

2026-07-24 12:16:21 - SMTP DEBUG - CLIENT -> SERVER: [credentials hidden]
2026-07-24 12:16:21 - SMTP DEBUG - SERVER -> CLIENT: 235 2.7.0 Accepted

2026-07-24 12:16:21 - SMTP DEBUG - CLIENT -> SERVER: MAIL FROM:<escartinalex8@gmail.com>

2026-07-24 12:16:21 - SMTP DEBUG - SERVER -> CLIENT: 250 2.1.0 OK d2e1a72fcca58-84e1728cab6sm4479362b3a.24 - gsmtp

2026-07-24 12:16:21 - SMTP DEBUG - CLIENT -> SERVER: RCPT TO:<aguilarthalia1503@gmail.com>

2026-07-24 12:16:22 - SMTP DEBUG - SERVER -> CLIENT: 250 2.1.5 OK d2e1a72fcca58-84e1728cab6sm4479362b3a.24 - gsmtp

2026-07-24 12:16:22 - SMTP DEBUG - CLIENT -> SERVER: DATA

2026-07-24 12:16:22 - SMTP DEBUG - SERVER -> CLIENT: 354 Go ahead d2e1a72fcca58-84e1728cab6sm4479362b3a.24 - gsmtp

2026-07-24 12:16:22 - SMTP DEBUG - CLIENT -> SERVER: Date: Fri, 24 Jul 2026 12:16:19 +0000

2026-07-24 12:16:22 - SMTP DEBUG - CLIENT -> SERVER: To: thalia <aguilarthalia1503@gmail.com>

2026-07-24 12:16:22 - SMTP DEBUG - CLIENT -> SERVER: From: paddleground <escartinalex8@gmail.com>

2026-07-24 12:16:22 - SMTP DEBUG - CLIENT -> SERVER: Subject: Verify your PaddleGround account

2026-07-24 12:16:22 - SMTP DEBUG - CLIENT -> SERVER: Message-ID: <Pak5enMmpi5UnMwUUMCFyIxmB9O4W0NRmAi5EsgI@localhost>

2026-07-24 12:16:22 - SMTP DEBUG - CLIENT -> SERVER: X-Mailer: PHPMailer 7.1.1 (https://github.com/PHPMailer/PHPMailer)

2026-07-24 12:16:22 - SMTP DEBUG - CLIENT -> SERVER: MIME-Version: 1.0

2026-07-24 12:16:22 - SMTP DEBUG - CLIENT -> SERVER: Content-Type: text/plain; charset=iso-8859-1

2026-07-24 12:16:22 - SMTP DEBUG - CLIENT -> SERVER: 

2026-07-24 12:16:22 - SMTP DEBUG - CLIENT -> SERVER: Hi thalia,

2026-07-24 12:16:22 - SMTP DEBUG - CLIENT -> SERVER: 

2026-07-24 12:16:22 - SMTP DEBUG - CLIENT -> SERVER: Your PaddleGround verification code is: 238451

2026-07-24 12:16:22 - SMTP DEBUG - CLIENT -> SERVER: 

2026-07-24 12:16:22 - SMTP DEBUG - CLIENT -> SERVER: This code expires in 10 minutes.

2026-07-24 12:16:22 - SMTP DEBUG - CLIENT -> SERVER: 

2026-07-24 12:16:22 - SMTP DEBUG - CLIENT -> SERVER: .

2026-07-24 12:16:23 - SMTP DEBUG - SERVER -> CLIENT: 250 2.0.0 OK  1784895384 d2e1a72fcca58-84e1728cab6sm4479362b3a.24 - gsmtp

2026-07-24 12:16:23 - SMTP DEBUG - CLIENT -> SERVER: QUIT

2026-07-24 12:16:23 - SMTP DEBUG - SERVER -> CLIENT: 221 2.0.0 closing connection d2e1a72fcca58-84e1728cab6sm4479362b3a.24 - gsmtp

2026-07-24 12:16:24 - SMTP DEBUG - SERVER -> CLIENT: 220 smtp.gmail.com ESMTP d9443c01a7336-2cf8efde245sm49981015ad.29 - gsmtp

2026-07-24 12:16:24 - SMTP DEBUG - CLIENT -> SERVER: EHLO localhost

2026-07-24 12:16:24 - SMTP DEBUG - SERVER -> CLIENT: 250-smtp.gmail.com at your service, [143.44.184.159]
250-SIZE 35882577
250-8BITMIME
250-STARTTLS
250-ENHANCEDSTATUSCODES
250-PIPELINING
250-CHUNKING
250 SMTPUTF8

2026-07-24 12:16:24 - SMTP DEBUG - CLIENT -> SERVER: STARTTLS

2026-07-24 12:16:25 - SMTP DEBUG - SERVER -> CLIENT: 220 2.0.0 Ready to start TLS

2026-07-24 12:16:25 - SMTP DEBUG - CLIENT -> SERVER: EHLO localhost

2026-07-24 12:16:25 - SMTP DEBUG - SERVER -> CLIENT: 250-smtp.gmail.com at your service, [143.44.184.159]
250-SIZE 35882577
250-8BITMIME
250-AUTH LOGIN PLAIN XOAUTH2 PLAIN-CLIENTTOKEN OAUTHBEARER XOAUTH
250-ENHANCEDSTATUSCODES
250-PIPELINING
250-CHUNKING
250 SMTPUTF8

2026-07-24 12:16:25 - SMTP DEBUG - CLIENT -> SERVER: AUTH LOGIN

2026-07-24 12:16:25 - SMTP DEBUG - SERVER -> CLIENT: 334 VXNlcm5hbWU6

2026-07-24 12:16:25 - SMTP DEBUG - CLIENT -> SERVER: [credentials hidden]
2026-07-24 12:16:25 - SMTP DEBUG - SERVER -> CLIENT: 334 UGFzc3dvcmQ6

2026-07-24 12:16:25 - SMTP DEBUG - CLIENT -> SERVER: [credentials hidden]
2026-07-24 12:16:26 - SMTP DEBUG - SERVER -> CLIENT: 235 2.7.0 Accepted

2026-07-24 12:16:26 - SMTP DEBUG - CLIENT -> SERVER: MAIL FROM:<escartinalex8@gmail.com>

2026-07-24 12:16:26 - SMTP DEBUG - SERVER -> CLIENT: 250 2.1.0 OK d9443c01a7336-2cf8efde245sm49981015ad.29 - gsmtp

2026-07-24 12:16:26 - SMTP DEBUG - CLIENT -> SERVER: RCPT TO:<aguilarthalia1503@gmail.com>

2026-07-24 12:16:26 - SMTP DEBUG - SERVER -> CLIENT: 250 2.1.5 OK d9443c01a7336-2cf8efde245sm49981015ad.29 - gsmtp

2026-07-24 12:16:26 - SMTP DEBUG - CLIENT -> SERVER: DATA

2026-07-24 12:16:27 - SMTP DEBUG - SERVER -> CLIENT: 354 Go ahead d9443c01a7336-2cf8efde245sm49981015ad.29 - gsmtp

2026-07-24 12:16:27 - SMTP DEBUG - CLIENT -> SERVER: Date: Fri, 24 Jul 2026 12:16:24 +0000

2026-07-24 12:16:27 - SMTP DEBUG - CLIENT -> SERVER: To: thalia <aguilarthalia1503@gmail.com>

2026-07-24 12:16:27 - SMTP DEBUG - CLIENT -> SERVER: From: paddleground <escartinalex8@gmail.com>

2026-07-24 12:16:27 - SMTP DEBUG - CLIENT -> SERVER: Subject: Verify your PaddleGround account

2026-07-24 12:16:27 - SMTP DEBUG - CLIENT -> SERVER: Message-ID: <wDhsf9aA8qhMOjQ2SPPY1ab4PM98GSYisOEQcGU8@localhost>

2026-07-24 12:16:27 - SMTP DEBUG - CLIENT -> SERVER: X-Mailer: PHPMailer 7.1.1 (https://github.com/PHPMailer/PHPMailer)

2026-07-24 12:16:27 - SMTP DEBUG - CLIENT -> SERVER: MIME-Version: 1.0

2026-07-24 12:16:27 - SMTP DEBUG - CLIENT -> SERVER: Content-Type: text/plain; charset=iso-8859-1

2026-07-24 12:16:27 - SMTP DEBUG - CLIENT -> SERVER: 

2026-07-24 12:16:27 - SMTP DEBUG - CLIENT -> SERVER: Hi thalia,

2026-07-24 12:16:27 - SMTP DEBUG - CLIENT -> SERVER: 

2026-07-24 12:16:27 - SMTP DEBUG - CLIENT -> SERVER: Your PaddleGround verification code is: 523205

2026-07-24 12:16:27 - SMTP DEBUG - CLIENT -> SERVER: 

2026-07-24 12:16:27 - SMTP DEBUG - CLIENT -> SERVER: This code expires in 10 minutes.

2026-07-24 12:16:27 - SMTP DEBUG - CLIENT -> SERVER: 

2026-07-24 12:16:27 - SMTP DEBUG - CLIENT -> SERVER: .

2026-07-24 12:16:27 - SMTP DEBUG - SERVER -> CLIENT: 250 2.0.0 OK  1784895388 d9443c01a7336-2cf8efde245sm49981015ad.29 - gsmtp

2026-07-24 12:16:27 - SMTP DEBUG - CLIENT -> SERVER: QUIT

2026-07-24 12:16:28 - SMTP DEBUG - SERVER -> CLIENT: 221 2.0.0 closing connection d9443c01a7336-2cf8efde245sm49981015ad.29 - gsmtp

2026-07-24 12:16:29 - SMTP DEBUG - SERVER -> CLIENT: 220 smtp.gmail.com ESMTP d2e1a72fcca58-84e175cdc21sm4555636b3a.47 - gsmtp

2026-07-24 12:16:29 - SMTP DEBUG - CLIENT -> SERVER: EHLO localhost

2026-07-24 12:16:29 - SMTP DEBUG - SERVER -> CLIENT: 250-smtp.gmail.com at your service, [143.44.184.159]
250-SIZE 35882577
250-8BITMIME
250-STARTTLS
250-ENHANCEDSTATUSCODES
250-PIPELINING
250-CHUNKING
250 SMTPUTF8

2026-07-24 12:16:29 - SMTP DEBUG - CLIENT -> SERVER: STARTTLS

2026-07-24 12:16:29 - SMTP DEBUG - SERVER -> CLIENT: 220 2.0.0 Ready to start TLS

2026-07-24 12:16:30 - SMTP DEBUG - CLIENT -> SERVER: EHLO localhost

2026-07-24 12:16:30 - SMTP DEBUG - SERVER -> CLIENT: 250-smtp.gmail.com at your service, [143.44.184.159]
250-SIZE 35882577
250-8BITMIME
250-AUTH LOGIN PLAIN XOAUTH2 PLAIN-CLIENTTOKEN OAUTHBEARER XOAUTH
250-ENHANCEDSTATUSCODES
250-PIPELINING
250-CHUNKING
250 SMTPUTF8

2026-07-24 12:16:30 - SMTP DEBUG - CLIENT -> SERVER: AUTH LOGIN

2026-07-24 12:16:30 - SMTP DEBUG - SERVER -> CLIENT: 334 VXNlcm5hbWU6

2026-07-24 12:16:30 - SMTP DEBUG - CLIENT -> SERVER: [credentials hidden]
2026-07-24 12:16:30 - SMTP DEBUG - SERVER -> CLIENT: 334 UGFzc3dvcmQ6

2026-07-24 12:16:30 - SMTP DEBUG - CLIENT -> SERVER: [credentials hidden]
2026-07-24 12:16:31 - SMTP DEBUG - SERVER -> CLIENT: 235 2.7.0 Accepted

2026-07-24 12:16:31 - SMTP DEBUG - CLIENT -> SERVER: MAIL FROM:<escartinalex8@gmail.com>

2026-07-24 12:16:31 - SMTP DEBUG - SERVER -> CLIENT: 250 2.1.0 OK d2e1a72fcca58-84e175cdc21sm4555636b3a.47 - gsmtp

2026-07-24 12:16:31 - SMTP DEBUG - CLIENT -> SERVER: RCPT TO:<aguilarthalia1503@gmail.com>

2026-07-24 12:16:31 - SMTP DEBUG - SERVER -> CLIENT: 250 2.1.5 OK d2e1a72fcca58-84e175cdc21sm4555636b3a.47 - gsmtp

2026-07-24 12:16:31 - SMTP DEBUG - CLIENT -> SERVER: DATA

2026-07-24 12:16:32 - SMTP DEBUG - SERVER -> CLIENT: 354 Go ahead d2e1a72fcca58-84e175cdc21sm4555636b3a.47 - gsmtp

2026-07-24 12:16:32 - SMTP DEBUG - CLIENT -> SERVER: Date: Fri, 24 Jul 2026 12:16:28 +0000

2026-07-24 12:16:32 - SMTP DEBUG - CLIENT -> SERVER: To: thalia <aguilarthalia1503@gmail.com>

2026-07-24 12:16:32 - SMTP DEBUG - CLIENT -> SERVER: From: paddleground <escartinalex8@gmail.com>

2026-07-24 12:16:32 - SMTP DEBUG - CLIENT -> SERVER: Subject: Verify your PaddleGround account

2026-07-24 12:16:32 - SMTP DEBUG - CLIENT -> SERVER: Message-ID: <1S6ydJsR5AIdqKFSp3DOGhGCUxxXZ91KtLrTqUrDas@localhost>

2026-07-24 12:16:32 - SMTP DEBUG - CLIENT -> SERVER: X-Mailer: PHPMailer 7.1.1 (https://github.com/PHPMailer/PHPMailer)

2026-07-24 12:16:32 - SMTP DEBUG - CLIENT -> SERVER: MIME-Version: 1.0

2026-07-24 12:16:32 - SMTP DEBUG - CLIENT -> SERVER: Content-Type: text/plain; charset=iso-8859-1

2026-07-24 12:16:32 - SMTP DEBUG - CLIENT -> SERVER: 

2026-07-24 12:16:32 - SMTP DEBUG - CLIENT -> SERVER: Hi thalia,

2026-07-24 12:16:32 - SMTP DEBUG - CLIENT -> SERVER: 

2026-07-24 12:16:32 - SMTP DEBUG - CLIENT -> SERVER: Your PaddleGround verification code is: 652611

2026-07-24 12:16:32 - SMTP DEBUG - CLIENT -> SERVER: 

2026-07-24 12:16:32 - SMTP DEBUG - CLIENT -> SERVER: This code expires in 10 minutes.

2026-07-24 12:16:32 - SMTP DEBUG - CLIENT -> SERVER: 

2026-07-24 12:16:32 - SMTP DEBUG - CLIENT -> SERVER: .

2026-07-24 12:16:32 - SMTP DEBUG - SERVER -> CLIENT: 250 2.0.0 OK  1784895393 d2e1a72fcca58-84e175cdc21sm4555636b3a.47 - gsmtp

2026-07-24 12:16:32 - SMTP DEBUG - CLIENT -> SERVER: QUIT

2026-07-24 12:16:33 - SMTP DEBUG - SERVER -> CLIENT: 221 2.0.0 closing connection d2e1a72fcca58-84e175cdc21sm4555636b3a.47 - gsmtp

2026-07-24 12:16:34 - SMTP DEBUG - SERVER -> CLIENT: 220 smtp.gmail.com ESMTP d9443c01a7336-2cf8efae5aesm49978525ad.15 - gsmtp

2026-07-24 12:16:34 - SMTP DEBUG - CLIENT -> SERVER: EHLO localhost

2026-07-24 12:16:34 - SMTP DEBUG - SERVER -> CLIENT: 250-smtp.gmail.com at your service, [143.44.184.159]
250-SIZE 35882577
250-8BITMIME
250-STARTTLS
250-ENHANCEDSTATUSCODES
250-PIPELINING
250-CHUNKING
250 SMTPUTF8

2026-07-24 12:16:34 - SMTP DEBUG - CLIENT -> SERVER: STARTTLS

2026-07-24 12:16:34 - SMTP DEBUG - SERVER -> CLIENT: 220 2.0.0 Ready to start TLS

2026-07-24 12:16:35 - SMTP DEBUG - CLIENT -> SERVER: EHLO localhost

2026-07-24 12:16:35 - SMTP DEBUG - SERVER -> CLIENT: 250-smtp.gmail.com at your service, [143.44.184.159]
250-SIZE 35882577
250-8BITMIME
250-AUTH LOGIN PLAIN XOAUTH2 PLAIN-CLIENTTOKEN OAUTHBEARER XOAUTH
250-ENHANCEDSTATUSCODES
250-PIPELINING
250-CHUNKING
250 SMTPUTF8

2026-07-24 12:16:35 - SMTP DEBUG - CLIENT -> SERVER: AUTH LOGIN

2026-07-24 12:16:35 - SMTP DEBUG - SERVER -> CLIENT: 334 VXNlcm5hbWU6

2026-07-24 12:16:35 - SMTP DEBUG - CLIENT -> SERVER: [credentials hidden]
2026-07-24 12:16:35 - SMTP DEBUG - SERVER -> CLIENT: 334 UGFzc3dvcmQ6

2026-07-24 12:16:35 - SMTP DEBUG - CLIENT -> SERVER: [credentials hidden]
2026-07-24 12:16:36 - SMTP DEBUG - SERVER -> CLIENT: 235 2.7.0 Accepted

2026-07-24 12:16:36 - SMTP DEBUG - CLIENT -> SERVER: MAIL FROM:<escartinalex8@gmail.com>

2026-07-24 12:16:36 - SMTP DEBUG - SERVER -> CLIENT: 250 2.1.0 OK d9443c01a7336-2cf8efae5aesm49978525ad.15 - gsmtp

2026-07-24 12:16:36 - SMTP DEBUG - CLIENT -> SERVER: RCPT TO:<aguilarthalia1503@gmail.com>

2026-07-24 12:16:36 - SMTP DEBUG - SERVER -> CLIENT: 250 2.1.5 OK d9443c01a7336-2cf8efae5aesm49978525ad.15 - gsmtp

2026-07-24 12:16:36 - SMTP DEBUG - CLIENT -> SERVER: DATA

2026-07-24 12:16:37 - SMTP DEBUG - SERVER -> CLIENT: 354 Go ahead d9443c01a7336-2cf8efae5aesm49978525ad.15 - gsmtp

2026-07-24 12:16:37 - SMTP DEBUG - CLIENT -> SERVER: Date: Fri, 24 Jul 2026 12:16:33 +0000

2026-07-24 12:16:37 - SMTP DEBUG - CLIENT -> SERVER: To: thalia <aguilarthalia1503@gmail.com>

2026-07-24 12:16:37 - SMTP DEBUG - CLIENT -> SERVER: From: paddleground <escartinalex8@gmail.com>

2026-07-24 12:16:37 - SMTP DEBUG - CLIENT -> SERVER: Subject: Verify your PaddleGround account

2026-07-24 12:16:37 - SMTP DEBUG - CLIENT -> SERVER: Message-ID: <NUPWmh75MfYahUTbG7lpVCVqzhbAnH2p8wY5k2HXGA@localhost>

2026-07-24 12:16:37 - SMTP DEBUG - CLIENT -> SERVER: X-Mailer: PHPMailer 7.1.1 (https://github.com/PHPMailer/PHPMailer)

2026-07-24 12:16:37 - SMTP DEBUG - CLIENT -> SERVER: MIME-Version: 1.0

2026-07-24 12:16:37 - SMTP DEBUG - CLIENT -> SERVER: Content-Type: text/plain; charset=iso-8859-1

2026-07-24 12:16:37 - SMTP DEBUG - CLIENT -> SERVER: 

2026-07-24 12:16:37 - SMTP DEBUG - CLIENT -> SERVER: Hi thalia,

2026-07-24 12:16:37 - SMTP DEBUG - CLIENT -> SERVER: 

2026-07-24 12:16:37 - SMTP DEBUG - CLIENT -> SERVER: Your PaddleGround verification code is: 499544

2026-07-24 12:16:37 - SMTP DEBUG - CLIENT -> SERVER: 

2026-07-24 12:16:37 - SMTP DEBUG - CLIENT -> SERVER: This code expires in 10 minutes.

2026-07-24 12:16:37 - SMTP DEBUG - CLIENT -> SERVER: 

2026-07-24 12:16:37 - SMTP DEBUG - CLIENT -> SERVER: .

2026-07-24 12:16:37 - SMTP DEBUG - SERVER -> CLIENT: 250 2.0.0 OK  1784895398 d9443c01a7336-2cf8efae5aesm49978525ad.15 - gsmtp

2026-07-24 12:16:37 - SMTP DEBUG - CLIENT -> SERVER: QUIT

2026-07-24 12:16:38 - SMTP DEBUG - SERVER -> CLIENT: 221 2.0.0 closing connection d9443c01a7336-2cf8efae5aesm49978525ad.15 - gsmtp

2026-07-26 12:15:54 - SMTP DEBUG - SERVER -> CLIENT: 220 smtp.gmail.com ESMTP d2e1a72fcca58-84e53425989sm1817326b3a.48 - gsmtp

2026-07-26 12:15:54 - SMTP DEBUG - CLIENT -> SERVER: EHLO localhost

2026-07-26 12:15:54 - SMTP DEBUG - SERVER -> CLIENT: 250-smtp.gmail.com at your service, [161.248.191.236]
250-SIZE 35882577
250-8BITMIME
250-STARTTLS
250-ENHANCEDSTATUSCODES
250-PIPELINING
250-CHUNKING
250 SMTPUTF8

2026-07-26 12:15:54 - SMTP DEBUG - CLIENT -> SERVER: STARTTLS

2026-07-26 12:15:54 - SMTP DEBUG - SERVER -> CLIENT: 220 2.0.0 Ready to start TLS

2026-07-26 12:15:54 - SMTP DEBUG - CLIENT -> SERVER: EHLO localhost

2026-07-26 12:15:55 - SMTP DEBUG - SERVER -> CLIENT: 250-smtp.gmail.com at your service, [161.248.191.236]
250-SIZE 35882577
250-8BITMIME
250-AUTH LOGIN PLAIN XOAUTH2 PLAIN-CLIENTTOKEN OAUTHBEARER XOAUTH
250-ENHANCEDSTATUSCODES
250-PIPELINING
250-CHUNKING
250 SMTPUTF8

2026-07-26 12:15:55 - SMTP DEBUG - CLIENT -> SERVER: AUTH LOGIN

2026-07-26 12:15:55 - SMTP DEBUG - SERVER -> CLIENT: 334 VXNlcm5hbWU6

2026-07-26 12:15:55 - SMTP DEBUG - CLIENT -> SERVER: [credentials hidden]
2026-07-26 12:15:56 - SMTP DEBUG - SERVER -> CLIENT: 334 UGFzc3dvcmQ6

2026-07-26 12:15:56 - SMTP DEBUG - CLIENT -> SERVER: [credentials hidden]
2026-07-26 12:15:56 - SMTP DEBUG - SERVER -> CLIENT: 235 2.7.0 Accepted

2026-07-26 12:15:56 - SMTP DEBUG - CLIENT -> SERVER: MAIL FROM:<escartinalex8@gmail.com>

2026-07-26 12:15:56 - SMTP DEBUG - SERVER -> CLIENT: 250 2.1.0 OK d2e1a72fcca58-84e53425989sm1817326b3a.48 - gsmtp

2026-07-26 12:15:56 - SMTP DEBUG - CLIENT -> SERVER: RCPT TO:<violacastor10@gmail.com>

2026-07-26 12:15:57 - SMTP DEBUG - SERVER -> CLIENT: 250 2.1.5 OK d2e1a72fcca58-84e53425989sm1817326b3a.48 - gsmtp

2026-07-26 12:15:57 - SMTP DEBUG - CLIENT -> SERVER: DATA

2026-07-26 12:15:57 - SMTP DEBUG - SERVER -> CLIENT: 354 Go ahead d2e1a72fcca58-84e53425989sm1817326b3a.48 - gsmtp

2026-07-26 12:15:57 - SMTP DEBUG - CLIENT -> SERVER: Date: Sun, 26 Jul 2026 12:15:53 +0000

2026-07-26 12:15:57 - SMTP DEBUG - CLIENT -> SERVER: To: Lola Viola <violacastor10@gmail.com>

2026-07-26 12:15:57 - SMTP DEBUG - CLIENT -> SERVER: From: paddleground <escartinalex8@gmail.com>

2026-07-26 12:15:57 - SMTP DEBUG - CLIENT -> SERVER: Subject: Verify your PaddleGround account

2026-07-26 12:15:57 - SMTP DEBUG - CLIENT -> SERVER: Message-ID: <81RPiKjU6I6wKl8sYpX0oGqQCqCEfqazbq7ncKpQE@localhost>

2026-07-26 12:15:57 - SMTP DEBUG - CLIENT -> SERVER: X-Mailer: PHPMailer 7.1.1 (https://github.com/PHPMailer/PHPMailer)

2026-07-26 12:15:57 - SMTP DEBUG - CLIENT -> SERVER: MIME-Version: 1.0

2026-07-26 12:15:57 - SMTP DEBUG - CLIENT -> SERVER: Content-Type: text/plain; charset=iso-8859-1

2026-07-26 12:15:57 - SMTP DEBUG - CLIENT -> SERVER: 

2026-07-26 12:15:57 - SMTP DEBUG - CLIENT -> SERVER: Hi Lola Viola,

2026-07-26 12:15:57 - SMTP DEBUG - CLIENT -> SERVER: 

2026-07-26 12:15:57 - SMTP DEBUG - CLIENT -> SERVER: Your PaddleGround verification code is: 096879

2026-07-26 12:15:57 - SMTP DEBUG - CLIENT -> SERVER: 

2026-07-26 12:15:57 - SMTP DEBUG - CLIENT -> SERVER: This code expires in 10 minutes.

2026-07-26 12:15:57 - SMTP DEBUG - CLIENT -> SERVER: 

2026-07-26 12:15:57 - SMTP DEBUG - CLIENT -> SERVER: .

2026-07-26 12:15:59 - SMTP DEBUG - SERVER -> CLIENT: 250 2.0.0 OK  1785068158 d2e1a72fcca58-84e53425989sm1817326b3a.48 - gsmtp

2026-07-26 12:15:59 - SMTP DEBUG - CLIENT -> SERVER: QUIT

2026-07-26 12:16:00 - SMTP DEBUG - SERVER -> CLIENT: 221 2.0.0 closing connection d2e1a72fcca58-84e53425989sm1817326b3a.48 - gsmtp

2026-07-30 17:24:13 - SMTP DEBUG - SERVER -> CLIENT: 220 smtp.gmail.com ESMTP 98e67ed59e1d1-38f9b4a8a28sm1374810a91.8 - gsmtp

2026-07-30 17:24:13 - SMTP DEBUG - CLIENT -> SERVER: EHLO localhost

2026-07-30 17:24:14 - SMTP DEBUG - SERVER -> CLIENT: 250-smtp.gmail.com at your service, [161.248.191.235]
250-SIZE 35882577
250-8BITMIME
250-STARTTLS
250-ENHANCEDSTATUSCODES
250-PIPELINING
250-CHUNKING
250 SMTPUTF8

2026-07-30 17:24:14 - SMTP DEBUG - CLIENT -> SERVER: STARTTLS

2026-07-30 17:24:14 - SMTP DEBUG - SERVER -> CLIENT: 220 2.0.0 Ready to start TLS

2026-07-30 17:24:14 - SMTP DEBUG - CLIENT -> SERVER: EHLO localhost

2026-07-30 17:24:14 - SMTP DEBUG - SERVER -> CLIENT: 250-smtp.gmail.com at your service, [161.248.191.235]
250-SIZE 35882577
250-8BITMIME
250-AUTH LOGIN PLAIN XOAUTH2 PLAIN-CLIENTTOKEN OAUTHBEARER XOAUTH
250-ENHANCEDSTATUSCODES
250-PIPELINING
250-CHUNKING
250 SMTPUTF8

2026-07-30 17:24:14 - SMTP DEBUG - CLIENT -> SERVER: AUTH LOGIN

2026-07-30 17:24:14 - SMTP DEBUG - SERVER -> CLIENT: 334 VXNlcm5hbWU6

2026-07-30 17:24:14 - SMTP DEBUG - CLIENT -> SERVER: [credentials hidden]
2026-07-30 17:24:14 - SMTP DEBUG - SERVER -> CLIENT: 334 UGFzc3dvcmQ6

2026-07-30 17:24:14 - SMTP DEBUG - CLIENT -> SERVER: [credentials hidden]
2026-07-30 17:24:15 - SMTP DEBUG - SERVER -> CLIENT: 235 2.7.0 Accepted

2026-07-30 17:24:15 - SMTP DEBUG - CLIENT -> SERVER: MAIL FROM:<escartinalex8@gmail.com>

2026-07-30 17:24:15 - SMTP DEBUG - SERVER -> CLIENT: 250 2.1.0 OK 98e67ed59e1d1-38f9b4a8a28sm1374810a91.8 - gsmtp

2026-07-30 17:24:15 - SMTP DEBUG - CLIENT -> SERVER: RCPT TO:<carlaniwang1728@gmail.com>

2026-07-30 17:24:15 - SMTP DEBUG - SERVER -> CLIENT: 250 2.1.5 OK 98e67ed59e1d1-38f9b4a8a28sm1374810a91.8 - gsmtp

2026-07-30 17:24:15 - SMTP DEBUG - CLIENT -> SERVER: DATA

2026-07-30 17:24:16 - SMTP DEBUG - SERVER -> CLIENT: 354 Go ahead 98e67ed59e1d1-38f9b4a8a28sm1374810a91.8 - gsmtp

2026-07-30 17:24:16 - SMTP DEBUG - CLIENT -> SERVER: Date: Thu, 30 Jul 2026 17:24:12 +0000

2026-07-30 17:24:16 - SMTP DEBUG - CLIENT -> SERVER: To: Carla Verzosa <carlaniwang1728@gmail.com>

2026-07-30 17:24:16 - SMTP DEBUG - CLIENT -> SERVER: From: paddleground <escartinalex8@gmail.com>

2026-07-30 17:24:16 - SMTP DEBUG - CLIENT -> SERVER: Subject: PaddleGround: Payment Received

2026-07-30 17:24:16 - SMTP DEBUG - CLIENT -> SERVER: Message-ID: <0KzNL1J1GnFRrbGyR6oW3CKlqO2ezymAVPw0BDnhXs@localhost>

2026-07-30 17:24:16 - SMTP DEBUG - CLIENT -> SERVER: X-Mailer: PHPMailer 7.1.1 (https://github.com/PHPMailer/PHPMailer)

2026-07-30 17:24:16 - SMTP DEBUG - CLIENT -> SERVER: MIME-Version: 1.0

2026-07-30 17:24:16 - SMTP DEBUG - CLIENT -> SERVER: Content-Type: text/plain; charset=iso-8859-1

2026-07-30 17:24:16 - SMTP DEBUG - CLIENT -> SERVER: Content-Transfer-Encoding: 8bit

2026-07-30 17:24:16 - SMTP DEBUG - CLIENT -> SERVER: 

2026-07-30 17:24:16 - SMTP DEBUG - CLIENT -> SERVER: Hi Carla Verzosa,

2026-07-30 17:24:16 - SMTP DEBUG - CLIENT -> SERVER: 

2026-07-30 17:24:16 - SMTP DEBUG - CLIENT -> SERVER: Thank you for your payment, boss! We received ₱1,000.00 via GCASH for your booking on Court 1 (July 31, 2026).

2026-07-30 17:24:16 - SMTP DEBUG - CLIENT -> SERVER: 

2026-07-30 17:24:16 - SMTP DEBUG - CLIENT -> SERVER: Your reservation is now confirmed. See you on the court!

2026-07-30 17:24:16 - SMTP DEBUG - CLIENT -> SERVER: 

2026-07-30 17:24:16 - SMTP DEBUG - CLIENT -> SERVER: — PaddleGround Team

2026-07-30 17:24:16 - SMTP DEBUG - CLIENT -> SERVER: 

2026-07-30 17:24:16 - SMTP DEBUG - CLIENT -> SERVER: .

2026-07-30 17:24:17 - SMTP DEBUG - SERVER -> CLIENT: 250 2.0.0 OK  1785432257 98e67ed59e1d1-38f9b4a8a28sm1374810a91.8 - gsmtp

2026-07-30 17:24:17 - SMTP DEBUG - CLIENT -> SERVER: QUIT

2026-07-30 17:24:18 - SMTP DEBUG - SERVER -> CLIENT: 221 2.0.0 closing connection 98e67ed59e1d1-38f9b4a8a28sm1374810a91.8 - gsmtp

2026-08-12 13:54:43 - ERROR - SMTP Error: Could not authenticate.
2026-08-12 13:55:49 - ERROR - SMTP Error: Could not authenticate.
2026-08-12 13:55:49 - ERROR - SMTP Error: Could not authenticate.
2026-08-12 13:59:40 - ERROR - SMTP Error: Could not authenticate.
2026-08-12 14:29:20 - ERROR - SMTP Error: Could not authenticate.
2026-08-12 14:30:16 - ERROR - SMTP Error: Could not authenticate.
2026-08-12 14:30:30 - ERROR - SMTP Error: Could not authenticate.
2026-08-13 00:43:06 - ERROR - SMTP Error: Could not authenticate.
2026-08-13 01:13:44 - ERROR - SMTP Error: Could not authenticate.
2026-08-13 02:08:14 - ERROR - SMTP Error: Could not authenticate.
2026-08-13 14:23:17 - ERROR - SMTP Error: Could not authenticate.
